******************************************************************************
             TMS320C2000 Linker PC v18.1.2                     
******************************************************************************
>> Linked Tue Apr 23 21:58:38 2019

OUTPUT FILE NAME:   <flight_control_v1.0.out>
ENTRY POINT SYMBOL: "_c_int00"  address: 00086804


MEMORY CONFIGURATION

         name            origin    length      used     unused   attr    fill
----------------------  --------  ---------  --------  --------  ----  --------
PAGE 0:
  RAMM0                 00000122   000002de  00000000  000002de  RWIX
  RAMLS0                00008000   00000800  0000003b  000007c5  RWIX
  RAMLS1                00008800   00000800  00000000  00000800  RWIX
  RAMLS2                00009000   00000800  00000000  00000800  RWIX
  RAMLS3                00009800   00000800  00000000  00000800  RWIX
  RAMLS4                0000a000   00000800  00000000  00000800  RWIX
  RAMD0                 0000b000   00000800  00000000  00000800  RWIX
  RAMGS14               0001a000   00001000  00000000  00001000  RWIX
  RAMGS15               0001b000   00001000  00000000  00001000  RWIX
  BEGIN                 00080000   00000002  00000002  00000000  RWIX
  FLASHA                00080002   00001ffe  00000000  00001ffe  RWIX
  FLASHB                00082000   00002000  00001ffd  00000003  RWIX
  FLASHC                00084000   00002000  00002000  00000000  RWIX
  FLASHD                00086000   00002000  00000adf  00001521  RWIX
  FLASHE                00088000   00008000  00000000  00008000  RWIX
  FLASHF                00090000   00008000  00000246  00007dba  RWIX
  FLASHG                00098000   00008000  00000000  00008000  RWIX
  FLASHH                000a0000   00008000  00000000  00008000  RWIX
  FLASHI                000a8000   00008000  00000000  00008000  RWIX
  FLASHJ                000b0000   00008000  00000000  00008000  RWIX
  FLASHK                000b8000   00002000  00000000  00002000  RWIX
  FLASHL                000ba000   00002000  00000000  00002000  RWIX
  FLASHM                000bc000   00002000  00000000  00002000  RWIX
  FLASHN                000be000   00002000  00000000  00002000  RWIX
  RESET                 003fffc0   00000002  00000000  00000002  RWIX

PAGE 1:
  BOOT_RSVD             00000002   00000120  00000000  00000120  RWIX
  RAMM1                 00000400   00000400  00000200  00000200  RWIX
  ADCA_RESULT           00000b00   00000020  00000018  00000008  RWIX
  ADCB_RESULT           00000b20   00000020  00000018  00000008  RWIX
  ADCC_RESULT           00000b40   00000020  00000018  00000008  RWIX
  ADCD_RESULT           00000b60   00000020  00000018  00000008  RWIX
  CPU_TIMER0            00000c00   00000008  00000008  00000000  RWIX
  CPU_TIMER1            00000c08   00000008  00000008  00000000  RWIX
  CPU_TIMER2            00000c10   00000008  00000008  00000000  RWIX
  PIE_CTRL              00000ce0   00000020  0000001a  00000006  RWIX
  PIE_VECT              00000d00   00000200  000001c0  00000040  RWIX
  DMA                   00001000   00000200  000000e0  00000120  RWIX
  CLA1                  00001400   00000040  0000003e  00000002  RWIX
  EPWM1                 00004000   00000100  00000100  00000000  RWIX
  EPWM2                 00004100   00000100  00000100  00000000  RWIX
  EPWM3                 00004200   00000100  00000100  00000000  RWIX
  EPWM4                 00004300   00000100  00000100  00000000  RWIX
  EPWM5                 00004400   00000100  00000100  00000000  RWIX
  EPWM6                 00004500   00000100  00000100  00000000  RWIX
  EPWM7                 00004600   00000100  00000100  00000000  RWIX
  EPWM8                 00004700   00000100  00000100  00000000  RWIX
  EPWM9                 00004800   00000100  00000100  00000000  RWIX
  EPWM10                00004900   00000100  00000100  00000000  RWIX
  EPWM11                00004a00   00000100  00000100  00000000  RWIX
  EPWM12                00004b00   00000100  00000100  00000000  RWIX
  ECAP1                 00005000   00000020  00000020  00000000  RWIX
  ECAP2                 00005020   00000020  00000020  00000000  RWIX
  ECAP3                 00005040   00000020  00000020  00000000  RWIX
  ECAP4                 00005060   00000020  00000020  00000000  RWIX
  ECAP5                 00005080   00000020  00000020  00000000  RWIX
  ECAP6                 000050a0   00000020  00000020  00000000  RWIX
  EQEP1                 00005100   00000040  00000022  0000001e  RWIX
  EQEP2                 00005140   00000040  00000022  0000001e  RWIX
  EQEP3                 00005180   00000040  00000022  0000001e  RWIX
  DACA                  00005c00   00000010  00000008  00000008  RWIX
  DACB                  00005c10   00000010  00000008  00000008  RWIX
  DACC                  00005c20   00000010  00000008  00000008  RWIX
  CMPSS1                00005c80   00000020  00000020  00000000  RWIX
  CMPSS2                00005ca0   00000020  00000020  00000000  RWIX
  CMPSS3                00005cc0   00000020  00000020  00000000  RWIX
  CMPSS4                00005ce0   00000020  00000020  00000000  RWIX
  CMPSS5                00005d00   00000020  00000020  00000000  RWIX
  CMPSS6                00005d20   00000020  00000020  00000000  RWIX
  CMPSS7                00005d40   00000020  00000020  00000000  RWIX
  CMPSS8                00005d60   00000020  00000020  00000000  RWIX
  SDFM1                 00005e00   00000080  00000080  00000000  RWIX
  SDFM2                 00005e80   00000080  00000080  00000000  RWIX
  MCBSPA                00006000   00000040  00000024  0000001c  RWIX
  MCBSPB                00006040   00000040  00000024  0000001c  RWIX
  SPIA                  00006100   00000010  00000010  00000000  RWIX
  SPIB                  00006110   00000010  00000010  00000000  RWIX
  SPIC                  00006120   00000010  00000010  00000000  RWIX
  SPID                  00006130   00000010  00000000  00000010  RWIX
  UPP                   00006200   00000100  00000048  000000b8  RWIX
  WD                    00007000   00000040  0000002b  00000015  RWIX
  NMIINTRUPT            00007060   00000010  00000007  00000009  RWIX
  XINT                  00007070   00000010  0000000b  00000005  RWIX
  SCIA                  00007200   00000010  00000010  00000000  RWIX
  SCIB                  00007210   00000010  00000010  00000000  RWIX
  SCIC                  00007220   00000010  00000010  00000000  RWIX
  SCID                  00007230   00000010  00000010  00000000  RWIX
  I2CA                  00007300   00000040  00000022  0000001e  RWIX
  I2CB                  00007340   00000040  00000022  0000001e  RWIX
  ADCA                  00007400   00000080  00000080  00000000  RWIX
  ADCB                  00007480   00000080  00000080  00000000  RWIX
  ADCC                  00007500   00000080  00000080  00000000  RWIX
  ADCD                  00007580   00000080  00000080  00000000  RWIX
  INPUT_XBAR            00007900   00000020  00000020  00000000  RWIX
  XBAR                  00007920   00000020  00000020  00000000  RWIX
  SYNC_SOC              00007940   00000010  00000006  0000000a  RWIX
  DMACLASRCSEL          00007980   00000040  0000001a  00000026  RWIX
  EPWM_XBAR             00007a00   00000040  00000040  00000000  RWIX
  CLB_XBAR              00007a40   00000040  00000000  00000040  RWIX
  OUTPUT_XBAR           00007a80   00000040  00000040  00000000  RWIX
  GPIOCTRL              00007c00   00000180  00000180  00000000  RWIX
  GPIODAT               00007f00   00000030  00000030  00000000  RWIX
  RAMLS5                0000a800   00000800  000007ff  00000001  RWIX
  RAMD1                 0000b800   00000800  00000000  00000800  RWIX
  RAMGS0                0000c000   00001000  00000420  00000be0  RWIX
  RAMGS1                0000d000   00001000  00000000  00001000  RWIX
  RAMGS2                0000e000   00001000  00000000  00001000  RWIX
  RAMGS3                0000f000   00001000  00000000  00001000  RWIX
  RAMGS4                00010000   00001000  00000000  00001000  RWIX
  RAMGS5                00011000   00001000  00000000  00001000  RWIX
  RAMGS6                00012000   00001000  00000000  00001000  RWIX
  RAMGS7                00013000   00001000  00000000  00001000  RWIX
  RAMGS8                00014000   00001000  00000000  00001000  RWIX
  RAMGS9                00015000   00001000  00000000  00001000  RWIX
  RAMGS10               00016000   00001000  00000000  00001000  RWIX
  RAMGS11               00017000   00001000  00000000  00001000  RWIX
  RAMGS12               00018000   00001000  00000000  00001000  RWIX
  RAMGS13               00019000   00001000  00000000  00001000  RWIX
  CPU2TOCPU1RAM         0003f800   00000400  00000000  00000400  RWIX
  CPU1TOCPU2RAM         0003fc00   00000400  00000088  00000378  RWIX
  EMIF1                 00047000   00000800  00000070  00000790  RWIX
  EMIF2                 00047800   00000800  00000070  00000790  RWIX
  CANA                  00048000   00000800  00000164  0000069c  RWIX
  CANB                  0004a000   00000800  00000164  0000069c  RWIX
  IPC                   00050000   00000024  00000024  00000000  RWIX
  FLASHPUMPSEMAPHORE    00050024   00000002  00000002  00000000  RWIX
  DEV_CFG               0005d000   00000180  0000012e  00000052  RWIX
  ANALOG_SUBSYS         0005d180   00000080  00000048  00000038  RWIX
  CLK_CFG               0005d200   00000100  00000032  000000ce  RWIX
  CPU_SYS               0005d300   00000100  00000082  0000007e  RWIX
  ROMPREFETCH           0005e608   00000002  00000002  00000000  RWIX
  DCSM_Z1               0005f000   00000030  00000024  0000000c  RWIX
  DCSM_Z2               0005f040   00000030  00000024  0000000c  RWIX
  DCSM_COMMON           0005f070   00000010  00000008  00000008  RWIX
  MEMCFG                0005f400   00000080  00000080  00000000  RWIX
  EMIF1CONFIG           0005f480   00000020  00000020  00000000  RWIX
  EMIF2CONFIG           0005f4a0   00000020  00000020  00000000  RWIX
  ACCESSPROTECTION      0005f4c0   00000040  00000040  00000000  RWIX
  MEMORYERROR           0005f500   00000040  00000040  00000000  RWIX
  ROMWAITSTATE          0005f540   00000002  00000002  00000000  RWIX
  FLASH0_CTRL           0005f800   00000300  00000182  0000017e  RWIX
  FLASH0_ECC            0005fb00   00000040  00000028  00000018  RWIX
  DCSM_Z1_OTP           00078000   00000020  00000020  00000000  RWIX
  DCSM_Z2_OTP           00078200   00000020  00000020  00000000  RWIX


SECTION ALLOCATION MAP

 output                                  attributes/
section   page    origin      length       input sections
--------  ----  ----------  ----------   ----------------
.cinit     0    00082000    00000231     
                  00082000    000000c9     filter.obj (.cinit)
                  000820c9    00000090     F2837xD_struct.obj (.cinit)
                  00082159    00000032     imu.obj (.cinit)
                  0008218b    0000001c     send.obj (.cinit)
                  000821a7    00000017     pre_start.obj (.cinit)
                  000821be    00000014     PCData.obj (.cinit)
                  000821d2    00000010     mpu9250.obj (.cinit)
                  000821e2    0000000f     cap.obj (.cinit)
                  000821f1    0000000e     rts2800_fpu32.lib : exit.c.obj (.cinit)
                  000821ff    00000009     fly_sys.obj (.cinit)
                  00082208    00000005     PID_control.obj (.cinit)
                  0008220d    00000005     rts2800_fpu32.lib : _lock.c.obj (.cinit:__lock)
                  00082212    00000005                       : _lock.c.obj (.cinit:__unlock)
                  00082217    00000004     F2837xD_sci_io.obj (.cinit)
                  0008221b    00000004     exit.obj (.cinit)
                  0008221f    00000004     main.obj (.cinit)
                  00082223    00000004     receive.obj (.cinit)
                  00082227    00000004     rts2800_fpu32.lib : errno.c.obj (.cinit)
                  0008222b    00000004     timer.obj (.cinit)
                  0008222f    00000002     --HOLE-- [fill = 0]

.pinit     0    00082000    00000000     UNINITIALIZED

codestart 
*          0    00080000    00000002     
                  00080000    00000002     F2837xD_CodeStartBranch.obj (codestart)

.TI.ramfunc 
*          0    00086000    0000003b     RUN ADDR = 00008000
                  00086000    00000037     F2837xD_SysCtrl.obj (.TI.ramfunc)
                  00086037    00000004     F2837xD_usDelay.obj (.TI.ramfunc)

.stack     1    00000400    00000200     UNINITIALIZED
                  00000400    00000200     --HOLE--

.reset     0    003fffc0    00000002     DSECT
                  003fffc0    00000002     rts2800_fpu32.lib : boot28.asm.obj (.reset)

AdcaResultFile 
*          1    00000b00    00000018     UNINITIALIZED
                  00000b00    00000018     F2837xD_GlobalVariableDefs.obj (AdcaResultFile)

AdcbResultFile 
*          1    00000b20    00000018     UNINITIALIZED
                  00000b20    00000018     F2837xD_GlobalVariableDefs.obj (AdcbResultFile)

AdccResultFile 
*          1    00000b40    00000018     UNINITIALIZED
                  00000b40    00000018     F2837xD_GlobalVariableDefs.obj (AdccResultFile)

AdcdResultFile 
*          1    00000b60    00000018     UNINITIALIZED
                  00000b60    00000018     F2837xD_GlobalVariableDefs.obj (AdcdResultFile)

PUTBUFFER 
*          1    0003fc00    00000080     UNINITIALIZED
                  0003fc00    00000080     F2837xD_Ipc_Driver.obj (PUTBUFFER)

PUTWRITEIDX 
*          1    0003fc80    00000004     UNINITIALIZED
                  0003fc80    00000004     F2837xD_Ipc_Driver.obj (PUTWRITEIDX)

GETREADIDX 
*          1    0003fc84    00000004     UNINITIALIZED
                  0003fc84    00000004     F2837xD_Ipc_Driver.obj (GETREADIDX)

GETBUFFER 
*          0    0003f800    00000080     DSECT
                  0003f800    00000080     F2837xD_Ipc_Driver.obj (GETBUFFER)

GETWRITEIDX 
*          0    0003f880    00000004     DSECT
                  0003f880    00000004     F2837xD_Ipc_Driver.obj (GETWRITEIDX)

PUTREADIDX 
*          0    0003f884    00000004     DSECT
                  0003f884    00000004     F2837xD_Ipc_Driver.obj (PUTREADIDX)

.econst    0    00090000    00000246     
                  00090000    000001c0     F2837xD_PieVect.obj (.econst:_PieVectTableInit)
                  000901c0    0000002a     filter.obj (.econst:_KalmanFilter_Unit)
                  000901ea    00000014     rts2800_fpu32.lib : e_asinf.c.obj (.econst)
                  000901fe    0000000c     delay.obj (.econst)
                  0009020a    0000000c     rts2800_fpu32.lib : e_atan2f.c.obj (.econst)
                  00090216    0000000c                       : e_sqrt.c.obj (.econst)
                  00090222    0000000a                       : s_atanf.c.obj (.econst:_aT)
                  0009022c    00000008                       : s_atanf.c.obj (.econst:_atanhi)
                  00090234    00000008                       : s_atanf.c.obj (.econst:_atanlo)
                  0009023c    00000006     filter.obj (.econst:_$P$T0$35)
                  00090242    00000004     rts2800_fpu32.lib : s_atanf.c.obj (.econst)

CpuTimer0RegsFile 
*          1    00000c00    00000008     UNINITIALIZED
                  00000c00    00000008     F2837xD_GlobalVariableDefs.obj (CpuTimer0RegsFile)

CpuTimer1RegsFile 
*          1    00000c08    00000008     UNINITIALIZED
                  00000c08    00000008     F2837xD_GlobalVariableDefs.obj (CpuTimer1RegsFile)

CpuTimer2RegsFile 
*          1    00000c10    00000008     UNINITIALIZED
                  00000c10    00000008     F2837xD_GlobalVariableDefs.obj (CpuTimer2RegsFile)

PieCtrlRegsFile 
*          1    00000ce0    0000001a     UNINITIALIZED
                  00000ce0    0000001a     F2837xD_GlobalVariableDefs.obj (PieCtrlRegsFile)

PieVectTableFile 
*          1    00000d00    000001c0     UNINITIALIZED
                  00000d00    000001c0     F2837xD_GlobalVariableDefs.obj (PieVectTableFile)

EmuKeyVar 
*          1    00000d00    00000001     UNINITIALIZED
                  00000d00    00000001     F2837xD_GlobalVariableDefs.obj (EmuKeyVar)

EmuBModeVar 
*          1    00000d01    00000001     UNINITIALIZED
                  00000d01    00000001     F2837xD_GlobalVariableDefs.obj (EmuBModeVar)

FlashCallbackVar 
*          1    00000d02    00000000     UNINITIALIZED

FlashScalingVar 
*          1    00000d02    00000000     UNINITIALIZED

DmaRegsFile 
*          1    00001000    000000e0     UNINITIALIZED
                  00001000    000000e0     F2837xD_GlobalVariableDefs.obj (DmaRegsFile)

Cla1RegsFile 
*          1    00001400    0000003e     UNINITIALIZED
                  00001400    0000003e     F2837xD_GlobalVariableDefs.obj (Cla1RegsFile)

EPwm1RegsFile 
*          1    00004000    00000100     UNINITIALIZED
                  00004000    00000100     F2837xD_GlobalVariableDefs.obj (EPwm1RegsFile)

EPwm2RegsFile 
*          1    00004100    00000100     UNINITIALIZED
                  00004100    00000100     F2837xD_GlobalVariableDefs.obj (EPwm2RegsFile)

EPwm3RegsFile 
*          1    00004200    00000100     UNINITIALIZED
                  00004200    00000100     F2837xD_GlobalVariableDefs.obj (EPwm3RegsFile)

EPwm4RegsFile 
*          1    00004300    00000100     UNINITIALIZED
                  00004300    00000100     F2837xD_GlobalVariableDefs.obj (EPwm4RegsFile)

EPwm5RegsFile 
*          1    00004400    00000100     UNINITIALIZED
                  00004400    00000100     F2837xD_GlobalVariableDefs.obj (EPwm5RegsFile)

EPwm6RegsFile 
*          1    00004500    00000100     UNINITIALIZED
                  00004500    00000100     F2837xD_GlobalVariableDefs.obj (EPwm6RegsFile)

EPwm7RegsFile 
*          1    00004600    00000100     UNINITIALIZED
                  00004600    00000100     F2837xD_GlobalVariableDefs.obj (EPwm7RegsFile)

EPwm8RegsFile 
*          1    00004700    00000100     UNINITIALIZED
                  00004700    00000100     F2837xD_GlobalVariableDefs.obj (EPwm8RegsFile)

EPwm9RegsFile 
*          1    00004800    00000100     UNINITIALIZED
                  00004800    00000100     F2837xD_GlobalVariableDefs.obj (EPwm9RegsFile)

EPwm10RegsFile 
*          1    00004900    00000100     UNINITIALIZED
                  00004900    00000100     F2837xD_GlobalVariableDefs.obj (EPwm10RegsFile)

EPwm11RegsFile 
*          1    00004a00    00000100     UNINITIALIZED
                  00004a00    00000100     F2837xD_GlobalVariableDefs.obj (EPwm11RegsFile)

EPwm12RegsFile 
*          1    00004b00    00000100     UNINITIALIZED
                  00004b00    00000100     F2837xD_GlobalVariableDefs.obj (EPwm12RegsFile)

ECap1RegsFile 
*          1    00005000    00000020     UNINITIALIZED
                  00005000    00000020     F2837xD_GlobalVariableDefs.obj (ECap1RegsFile)

ECap2RegsFile 
*          1    00005020    00000020     UNINITIALIZED
                  00005020    00000020     F2837xD_GlobalVariableDefs.obj (ECap2RegsFile)

ECap3RegsFile 
*          1    00005040    00000020     UNINITIALIZED
                  00005040    00000020     F2837xD_GlobalVariableDefs.obj (ECap3RegsFile)

ECap4RegsFile 
*          1    00005060    00000020     UNINITIALIZED
                  00005060    00000020     F2837xD_GlobalVariableDefs.obj (ECap4RegsFile)

ECap5RegsFile 
*          1    00005080    00000020     UNINITIALIZED
                  00005080    00000020     F2837xD_GlobalVariableDefs.obj (ECap5RegsFile)

ECap6RegsFile 
*          1    000050a0    00000020     UNINITIALIZED
                  000050a0    00000020     F2837xD_GlobalVariableDefs.obj (ECap6RegsFile)

EQep1RegsFile 
*          1    00005100    00000022     UNINITIALIZED
                  00005100    00000022     F2837xD_GlobalVariableDefs.obj (EQep1RegsFile)

EQep2RegsFile 
*          1    00005140    00000022     UNINITIALIZED
                  00005140    00000022     F2837xD_GlobalVariableDefs.obj (EQep2RegsFile)

EQep3RegsFile 
*          1    00005180    00000022     UNINITIALIZED
                  00005180    00000022     F2837xD_GlobalVariableDefs.obj (EQep3RegsFile)

DacaRegsFile 
*          1    00005c00    00000008     UNINITIALIZED
                  00005c00    00000008     F2837xD_GlobalVariableDefs.obj (DacaRegsFile)

DacbRegsFile 
*          1    00005c10    00000008     UNINITIALIZED
                  00005c10    00000008     F2837xD_GlobalVariableDefs.obj (DacbRegsFile)

DaccRegsFile 
*          1    00005c20    00000008     UNINITIALIZED
                  00005c20    00000008     F2837xD_GlobalVariableDefs.obj (DaccRegsFile)

Sdfm1RegsFile 
*          1    00005e00    00000080     UNINITIALIZED
                  00005e00    00000080     F2837xD_GlobalVariableDefs.obj (Sdfm1RegsFile)

Sdfm2RegsFile 
*          1    00005e80    00000080     UNINITIALIZED
                  00005e80    00000080     F2837xD_GlobalVariableDefs.obj (Sdfm2RegsFile)

McbspaRegsFile 
*          1    00006000    00000024     UNINITIALIZED
                  00006000    00000024     F2837xD_GlobalVariableDefs.obj (McbspaRegsFile)

McbspbRegsFile 
*          1    00006040    00000024     UNINITIALIZED
                  00006040    00000024     F2837xD_GlobalVariableDefs.obj (McbspbRegsFile)

SpiaRegsFile 
*          1    00006100    00000010     UNINITIALIZED
                  00006100    00000010     F2837xD_GlobalVariableDefs.obj (SpiaRegsFile)

SpibRegsFile 
*          1    00006110    00000010     UNINITIALIZED
                  00006110    00000010     F2837xD_GlobalVariableDefs.obj (SpibRegsFile)

SpicRegsFile 
*          1    00006120    00000010     UNINITIALIZED
                  00006120    00000010     F2837xD_GlobalVariableDefs.obj (SpicRegsFile)

UppRegsFile 
*          1    00006200    00000048     UNINITIALIZED
                  00006200    00000048     F2837xD_GlobalVariableDefs.obj (UppRegsFile)

WdRegsFile 
*          1    00007000    0000002b     UNINITIALIZED
                  00007000    0000002b     F2837xD_GlobalVariableDefs.obj (WdRegsFile)

NmiIntruptRegsFile 
*          1    00007060    00000007     UNINITIALIZED
                  00007060    00000007     F2837xD_GlobalVariableDefs.obj (NmiIntruptRegsFile)

XintRegsFile 
*          1    00007070    0000000b     UNINITIALIZED
                  00007070    0000000b     F2837xD_GlobalVariableDefs.obj (XintRegsFile)

SciaRegsFile 
*          1    00007200    00000010     UNINITIALIZED
                  00007200    00000010     F2837xD_GlobalVariableDefs.obj (SciaRegsFile)

ScibRegsFile 
*          1    00007210    00000010     UNINITIALIZED
                  00007210    00000010     F2837xD_GlobalVariableDefs.obj (ScibRegsFile)

ScicRegsFile 
*          1    00007220    00000010     UNINITIALIZED
                  00007220    00000010     F2837xD_GlobalVariableDefs.obj (ScicRegsFile)

ScidRegsFile 
*          1    00007230    00000010     UNINITIALIZED
                  00007230    00000010     F2837xD_GlobalVariableDefs.obj (ScidRegsFile)

I2caRegsFile 
*          1    00007300    00000022     UNINITIALIZED
                  00007300    00000022     F2837xD_GlobalVariableDefs.obj (I2caRegsFile)

I2cbRegsFile 
*          1    00007340    00000022     UNINITIALIZED
                  00007340    00000022     F2837xD_GlobalVariableDefs.obj (I2cbRegsFile)

AdcaRegsFile 
*          1    00007400    00000080     UNINITIALIZED
                  00007400    00000080     F2837xD_GlobalVariableDefs.obj (AdcaRegsFile)

AdcbRegsFile 
*          1    00007480    00000080     UNINITIALIZED
                  00007480    00000080     F2837xD_GlobalVariableDefs.obj (AdcbRegsFile)

AdccRegsFile 
*          1    00007500    00000080     UNINITIALIZED
                  00007500    00000080     F2837xD_GlobalVariableDefs.obj (AdccRegsFile)

AdcdRegsFile 
*          1    00007580    00000080     UNINITIALIZED
                  00007580    00000080     F2837xD_GlobalVariableDefs.obj (AdcdRegsFile)

CanaRegsFile 
*          1    00048000    00000164     UNINITIALIZED
                  00048000    00000164     F2837xD_GlobalVariableDefs.obj (CanaRegsFile)

CanbRegsFile 
*          1    0004a000    00000164     UNINITIALIZED
                  0004a000    00000164     F2837xD_GlobalVariableDefs.obj (CanbRegsFile)

AnalogSubsysRegsFile 
*          1    0005d180    00000048     UNINITIALIZED
                  0005d180    00000048     F2837xD_GlobalVariableDefs.obj (AnalogSubsysRegsFile)

Cla1SoftIntRegsFile 
*          1    00000ce0    00000004     DSECT
                  00000ce0    00000004     F2837xD_GlobalVariableDefs.obj (Cla1SoftIntRegsFile)

Cmpss1RegsFile 
*          1    00005c80    00000020     UNINITIALIZED
                  00005c80    00000020     F2837xD_GlobalVariableDefs.obj (Cmpss1RegsFile)

Cmpss2RegsFile 
*          1    00005ca0    00000020     UNINITIALIZED
                  00005ca0    00000020     F2837xD_GlobalVariableDefs.obj (Cmpss2RegsFile)

Cmpss3RegsFile 
*          1    00005cc0    00000020     UNINITIALIZED
                  00005cc0    00000020     F2837xD_GlobalVariableDefs.obj (Cmpss3RegsFile)

Cmpss4RegsFile 
*          1    00005ce0    00000020     UNINITIALIZED
                  00005ce0    00000020     F2837xD_GlobalVariableDefs.obj (Cmpss4RegsFile)

Cmpss5RegsFile 
*          1    00005d00    00000020     UNINITIALIZED
                  00005d00    00000020     F2837xD_GlobalVariableDefs.obj (Cmpss5RegsFile)

Cmpss6RegsFile 
*          1    00005d20    00000020     UNINITIALIZED
                  00005d20    00000020     F2837xD_GlobalVariableDefs.obj (Cmpss6RegsFile)

Cmpss7RegsFile 
*          1    00005d40    00000020     UNINITIALIZED
                  00005d40    00000020     F2837xD_GlobalVariableDefs.obj (Cmpss7RegsFile)

Cmpss8RegsFile 
*          1    00005d60    00000020     UNINITIALIZED
                  00005d60    00000020     F2837xD_GlobalVariableDefs.obj (Cmpss8RegsFile)

InputXbarRegsFile 
*          1    00007900    00000020     UNINITIALIZED
                  00007900    00000020     F2837xD_GlobalVariableDefs.obj (InputXbarRegsFile)

XbarRegsFile 
*          1    00007920    00000020     UNINITIALIZED
                  00007920    00000020     F2837xD_GlobalVariableDefs.obj (XbarRegsFile)

SyncSocRegsFile 
*          1    00007940    00000006     UNINITIALIZED
                  00007940    00000006     F2837xD_GlobalVariableDefs.obj (SyncSocRegsFile)

DmaClaSrcSelRegsFile 
*          1    00007980    0000001a     UNINITIALIZED
                  00007980    0000001a     F2837xD_GlobalVariableDefs.obj (DmaClaSrcSelRegsFile)

EPwmXbarRegsFile 
*          1    00007a00    00000040     UNINITIALIZED
                  00007a00    00000040     F2837xD_GlobalVariableDefs.obj (EPwmXbarRegsFile)

OutputXbarRegsFile 
*          1    00007a80    00000040     UNINITIALIZED
                  00007a80    00000040     F2837xD_GlobalVariableDefs.obj (OutputXbarRegsFile)

GpioCtrlRegsFile 
*          1    00007c00    00000180     UNINITIALIZED
                  00007c00    00000180     F2837xD_GlobalVariableDefs.obj (GpioCtrlRegsFile)

GpioDataRegsFile 
*          1    00007f00    00000030     UNINITIALIZED
                  00007f00    00000030     F2837xD_GlobalVariableDefs.obj (GpioDataRegsFile)

Emif1RegsFile 
*          1    00047000    00000070     UNINITIALIZED
                  00047000    00000070     F2837xD_GlobalVariableDefs.obj (Emif1RegsFile)

Emif2RegsFile 
*          1    00047800    00000070     UNINITIALIZED
                  00047800    00000070     F2837xD_GlobalVariableDefs.obj (Emif2RegsFile)

IpcRegsFile 
*          1    00050000    00000024     UNINITIALIZED
                  00050000    00000024     F2837xD_GlobalVariableDefs.obj (IpcRegsFile)

FlashPumpSemaphoreRegsFile 
*          1    00050024    00000002     UNINITIALIZED
                  00050024    00000002     F2837xD_GlobalVariableDefs.obj (FlashPumpSemaphoreRegsFile)

RomPrefetchRegsFile 
*          1    0005e608    00000002     UNINITIALIZED
                  0005e608    00000002     F2837xD_GlobalVariableDefs.obj (RomPrefetchRegsFile)

DcsmZ1RegsFile 
*          1    0005f000    00000024     UNINITIALIZED
                  0005f000    00000024     F2837xD_GlobalVariableDefs.obj (DcsmZ1RegsFile)

DcsmZ2RegsFile 
*          1    0005f040    00000024     UNINITIALIZED
                  0005f040    00000024     F2837xD_GlobalVariableDefs.obj (DcsmZ2RegsFile)

DcsmCommonRegsFile 
*          1    0005f070    00000008     UNINITIALIZED
                  0005f070    00000008     F2837xD_GlobalVariableDefs.obj (DcsmCommonRegsFile)

MemCfgRegsFile 
*          1    0005f400    00000080     UNINITIALIZED
                  0005f400    00000080     F2837xD_GlobalVariableDefs.obj (MemCfgRegsFile)

Emif1ConfigRegsFile 
*          1    0005f480    00000020     UNINITIALIZED
                  0005f480    00000020     F2837xD_GlobalVariableDefs.obj (Emif1ConfigRegsFile)

Emif2ConfigRegsFile 
*          1    0005f4a0    00000020     UNINITIALIZED
                  0005f4a0    00000020     F2837xD_GlobalVariableDefs.obj (Emif2ConfigRegsFile)

AccessProtectionRegsFile 
*          1    0005f4c0    00000040     UNINITIALIZED
                  0005f4c0    00000040     F2837xD_GlobalVariableDefs.obj (AccessProtectionRegsFile)

MemoryErrorRegsFile 
*          1    0005f500    00000040     UNINITIALIZED
                  0005f500    00000040     F2837xD_GlobalVariableDefs.obj (MemoryErrorRegsFile)

RomWaitStateRegsFile 
*          1    0005f540    00000002     UNINITIALIZED
                  0005f540    00000002     F2837xD_GlobalVariableDefs.obj (RomWaitStateRegsFile)

Flash0CtrlRegsFile 
*          1    0005f800    00000182     UNINITIALIZED
                  0005f800    00000182     F2837xD_GlobalVariableDefs.obj (Flash0CtrlRegsFile)

Flash0EccRegsFile 
*          1    0005fb00    00000028     UNINITIALIZED
                  0005fb00    00000028     F2837xD_GlobalVariableDefs.obj (Flash0EccRegsFile)

DcsmZ1OtpFile 
*          1    00078000    00000020     NOLOAD SECTION
                  00078000    00000020     F2837xD_GlobalVariableDefs.obj (DcsmZ1OtpFile)

DcsmZ2OtpFile 
*          1    00078200    00000020     NOLOAD SECTION
                  00078200    00000020     F2837xD_GlobalVariableDefs.obj (DcsmZ2OtpFile)

DevCfgRegsFile 
*          1    0005d000    0000012e     UNINITIALIZED
                  0005d000    0000012e     F2837xD_GlobalVariableDefs.obj (DevCfgRegsFile)

ClkCfgRegsFile 
*          1    0005d200    00000032     UNINITIALIZED
                  0005d200    00000032     F2837xD_GlobalVariableDefs.obj (ClkCfgRegsFile)

CpuSysRegsFile 
*          1    0005d300    00000082     UNINITIALIZED
                  0005d300    00000082     F2837xD_GlobalVariableDefs.obj (CpuSysRegsFile)

.text.1    0    00082234    00001dcc     
                  00082234    00000f53     filter.obj (.text)
                  00083187    00000a46     imu.obj (.text)
                  00083bcd    00000347     F2837xD_SysCtrl.obj (.text)
                  00083f14    000000d4     rts2800_fpu32.lib : e_atan2f.c.obj (.text)
                  00083fe8    00000018                       : ll_aox28.asm.obj (.text)

.text.2    0    00084000    00002000     
                  00084000    00000674     PID_control.obj (.text)
                  00084674    00000585     F2837xD_DefaultISR.obj (.text:retain)
                  00084bf9    000004f7     PCData.obj (.text)
                  000850f0    000002b2     fly_sys.obj (.text)
                  000853a2    00000244     F2837xD_Gpio.obj (.text)
                  000855e6    000001e5     receive.obj (.text)
                  000857cb    000001ab     mpu9250.obj (.text)
                  00085976    00000157     cap.obj (.text)
                  00085acd    0000014e     cap.obj (.text:retain)
                  00085c1b    000000fd     F2837xD_EPwm.obj (.text)
                  00085d18    000000f9     sci.obj (.text)
                  00085e11    000000f1     rts2800_fpu32.lib : e_asinf.c.obj (.text)
                  00085f02    000000cb                       : s_atanf.c.obj (.text)
                  00085fcd    0000002a                       : fd_cmp28.asm.obj (.text)
                  00085ff7    00000009                       : _lock.c.obj (.text)

.text.3    0    0008603c    00000aa4     
                  0008603c    000000c8     pwm.obj (.text)
                  00086104    000000ae     math2.obj (.text)
                  000861b2    0000009c     rts2800_fpu32.lib : fd_add28.asm.obj (.text)
                  0008624e    00000097     pre_start.obj (.text)
                  000862e5    00000001     rts2800_fpu32.lib : startup.c.obj (.text)
                  000862e6    00000091                       : e_sqrt.c.obj (.text)
                  00086377    0000008b                       : fd_div28.asm.obj (.text)
                  00086402    00000088                       : fs_div28.asm.obj (.text)
                  0008648a    00000083                       : fd_mpy28.asm.obj (.text)
                  0008650d    0000007c     F2837xD_CpuTimers.obj (.text)
                  00086589    0000007b     spi.obj (.text)
                  00086604    0000007a     delay.obj (.text)
                  0008667e    0000006d     sci.obj (.text:retain)
                  000866eb    00000061     rts2800_fpu32.lib : s_cosf.c.obj (.text)
                  0008674c    00000061                       : s_tanf.c.obj (.text)
                  000867ad    00000057     timer.obj (.text:retain)
                  00086804    00000056     rts2800_fpu32.lib : boot28.asm.obj (.text)
                  0008685a    00000044     timer.obj (.text)
                  0008689e    00000039     led.obj (.text)
                  000868d7    0000002a     rts2800_fpu32.lib : l_div28.asm.obj (.text)
                  00086901    00000029                       : exit.c.obj (.text)
                  0008692a    00000028     F2837xD_PieCtrl.obj (.text)
                  00086952    00000026     F2837xD_PieVect.obj (.text)
                  00086978    00000026     rts2800_fpu32.lib : e_sqrtf.c.obj (.text)
                  0008699e    00000024                       : cpy_tbl.c.obj (.text)
                  000869c2    00000023                       : fd_tofsfpu32.asm.obj (.text)
                  000869e5    00000022                       : i_div28.asm.obj (.text)
                  00086a07    00000020     exit.obj (.text:retain)
                  00086a27    0000001f     rts2800_fpu32.lib : fd_tol28.asm.obj (.text)
                  00086a46    0000001e                       : memcpy.c.obj (.text)
                  00086a64    0000001c                       : fs_tofdfpu32.asm.obj (.text)
                  00086a80    00000019                       : args_main.c.obj (.text)
                  00086a99    00000016                       : ul_tofd28.asm.obj (.text)
                  00086aaf    00000013     main.obj (.text)
                  00086ac2    0000000e     rts2800_fpu32.lib : fd_sub28.asm.obj (.text)
                  00086ad0    0000000b                       : u_div28.asm.obj (.text)
                  00086adb    00000003     F2837xD_DBGIER.obj (.text)
                  00086ade    00000002     rts2800_fpu32.lib : pre_init.c.obj (.text)

.ebss.1    1    0000a800    000007ff     UNINITIALIZED
                  0000a800    000005c4     fly_sys.obj (.ebss)
                  0000adc4    0000002b     send.obj (.ebss)
                  0000adef    00000001     F2837xD_sci_io.obj (.ebss)
                  0000adf0    0000000a     pre_start.obj (.ebss)
                  0000adfa    00000006     F2837xD_TempSensorConv.obj (.ebss)
                  0000ae00    00000128     imu.obj (.ebss)
                  0000af28    00000018     F2837xD_CpuTimers.obj (.ebss)
                  0000af40    00000086     mpu9250.obj (.ebss)
                  0000afc6    00000020     sci.obj (.ebss)
                  0000afe6    00000006     receive.obj (.ebss)
                  0000afec    00000006     rts2800_fpu32.lib : exit.c.obj (.ebss)
                  0000aff2    00000002     PID_control.obj (.ebss)
                  0000aff4    00000002     rts2800_fpu32.lib : _lock.c.obj (.ebss:__lock)
                  0000aff6    00000002                       : _lock.c.obj (.ebss:__unlock)
                  0000aff8    00000002     math2.obj (.ebss)
                  0000affa    00000002     timer.obj (.ebss)
                  0000affc    00000001     exit.obj (.ebss)
                  0000affd    00000001     main.obj (.ebss)
                  0000affe    00000001     rts2800_fpu32.lib : errno.c.obj (.ebss)

.ebss.2    1    0000c000    00000336     UNINITIALIZED
                  0000c000    00000240     cap.obj (.ebss)
                  0000c240    000000f6     filter.obj (.ebss)

.ebss.3    1    0000c340    00000078     UNINITIALIZED
                  0000c340    00000078     F2837xD_struct.obj (.ebss)

.ebss.4    1    0000c3c0    00000072     UNINITIALIZED
                  0000c3c0    00000072     PCData.obj (.ebss)

MODULE SUMMARY

       Module                           code    initialized data   uninitialized data
       ------                           ----    ----------------   ------------------
    .\
       main.obj                         19      4                  1                 
    +--+--------------------------------+-------+------------------+--------------------+
       Total:                           19      4                  1                 
                                                                                     
    .\algorithm\
       filter.obj                       3923    249                246               
       imu.obj                          2630    50                 296               
       PID_control.obj                  1652    5                  2                 
       math2.obj                        174     0                  2                 
    +--+--------------------------------+-------+------------------+--------------------+
       Total:                           8379    304                546               
                                                                                     
    .\communication\
       PCData.obj                       1271    20                 114               
       cap.obj                          677     15                 576               
       receive.obj                      485     4                  6                 
       sci.obj                          358     0                  32                
       spi.obj                          123     0                  0                 
       send.obj                         0       28                 43                
    +--+--------------------------------+-------+------------------+--------------------+
       Total:                           2914    67                 771               
                                                                                     
    .\sensor\
       mpu9250.obj                      427     16                 134               
    +--+--------------------------------+-------+------------------+--------------------+
       Total:                           427     16                 134               
                                                                                     
    .\source\
       F2837xD_GlobalVariableDefs.obj   0       0                  8759              
       F2837xD_DefaultISR.obj           1413    0                  0                 
       F2837xD_SysCtrl.obj              949     0                  0                 
       F2837xD_Gpio.obj                 580     0                  0                 
       F2837xD_PieVect.obj              38      448                0                 
       F2837xD_struct.obj               0       144                120               
       F2837xD_EPwm.obj                 253     0                  0                 
       F2837xD_CpuTimers.obj            124     0                  24                
       F2837xD_Ipc_Driver.obj           0       0                  136               
       F2837xD_PieCtrl.obj              40      0                  0                 
       F2837xD_usDelay.obj              8       0                  0                 
       F2837xD_TempSensorConv.obj       0       0                  6                 
       F2837xD_sci_io.obj               0       4                  1                 
       F2837xD_DBGIER.obj               3       0                  0                 
       F2837xD_CodeStartBranch.obj      2       0                  0                 
    +--+--------------------------------+-------+------------------+--------------------+
       Total:                           3410    596                9046              
                                                                                     
    .\symbol&globe\
       led.obj                          57      0                  0                 
    +--+--------------------------------+-------+------------------+--------------------+
       Total:                           57      0                  0                 
                                                                                     
    .\sys_dynamic\
       fly_sys.obj                      690     9                  1476              
       pwm.obj                          200     0                  0                 
       pre_start.obj                    151     23                 10                
    +--+--------------------------------+-------+------------------+--------------------+
       Total:                           1041    32                 1486              
                                                                                     
    .\sys_inside\
       timer.obj                        155     4                  2                 
       delay.obj                        122     12                 0                 
       exit.obj                         32      4                  1                 
    +--+--------------------------------+-------+------------------+--------------------+
       Total:                           309     20                 3                 
                                                                                     
    C:\ti\ccs_8.1.0\ccsv8\tools\compiler\ti-cgt-c2000_18.1.2.LTS\lib\rts2800_fpu32.lib
       e_asinf.c.obj                    241     20                 0                 
       s_atanf.c.obj                    203     30                 0                 
       e_atan2f.c.obj                   212     12                 0                 
       e_sqrt.c.obj                     145     12                 0                 
       fd_add28.asm.obj                 156     0                  0                 
       fd_div28.asm.obj                 139     0                  0                 
       fs_div28.asm.obj                 136     0                  0                 
       fd_mpy28.asm.obj                 131     0                  0                 
       s_cosf.c.obj                     97      0                  0                 
       s_tanf.c.obj                     97      0                  0                 
       boot28.asm.obj                   86      0                  0                 
       exit.c.obj                       41      14                 6                 
       fd_cmp28.asm.obj                 42      0                  0                 
       l_div28.asm.obj                  42      0                  0                 
       e_sqrtf.c.obj                    38      0                  0                 
       cpy_tbl.c.obj                    36      0                  0                 
       fd_tofsfpu32.asm.obj             35      0                  0                 
       i_div28.asm.obj                  34      0                  0                 
       fd_tol28.asm.obj                 31      0                  0                 
       memcpy.c.obj                     30      0                  0                 
       fs_tofdfpu32.asm.obj             28      0                  0                 
       args_main.c.obj                  25      0                  0                 
       ll_aox28.asm.obj                 24      0                  0                 
       _lock.c.obj                      9       10                 4                 
       ul_tofd28.asm.obj                22      0                  0                 
       fd_sub28.asm.obj                 14      0                  0                 
       u_div28.asm.obj                  11      0                  0                 
       errno.c.obj                      0       4                  1                 
       pre_init.c.obj                   2       0                  0                 
       startup.c.obj                    1       0                  0                 
    +--+--------------------------------+-------+------------------+--------------------+
       Total:                           2108    102                11                
                                                                                     
       Stack:                           0       0                  512               
    +--+--------------------------------+-------+------------------+--------------------+
       Grand Total:                     18664   1141               12510             


GLOBAL DATA SYMBOLS: SORTED BY DATA PAGE

address     data page           name
--------    ----------------    ----
00000400      10 (00000400)     __stack

00000b00      2c (00000b00)     _AdcaResultRegs
00000b20      2c (00000b00)     _AdcbResultRegs

00000b40      2d (00000b40)     _AdccResultRegs
00000b60      2d (00000b40)     _AdcdResultRegs

00000c00      30 (00000c00)     _CpuTimer0Regs
00000c08      30 (00000c00)     _CpuTimer1Regs
00000c10      30 (00000c00)     _CpuTimer2Regs

00000ce0      33 (00000cc0)     _Cla1SoftIntRegs
00000ce0      33 (00000cc0)     _PieCtrlRegs

00000d00      34 (00000d00)     _EmuKey
00000d00      34 (00000d00)     _PieVectTable
00000d01      34 (00000d00)     _EmuBMode

00001000      40 (00001000)     _DmaRegs

00001400      50 (00001400)     _Cla1Regs

00004000     100 (00004000)     _EPwm1Regs

00004100     104 (00004100)     _EPwm2Regs

00004200     108 (00004200)     _EPwm3Regs

00004300     10c (00004300)     _EPwm4Regs

00004400     110 (00004400)     _EPwm5Regs

00004500     114 (00004500)     _EPwm6Regs

00004600     118 (00004600)     _EPwm7Regs

00004700     11c (00004700)     _EPwm8Regs

00004800     120 (00004800)     _EPwm9Regs

00004900     124 (00004900)     _EPwm10Regs

00004a00     128 (00004a00)     _EPwm11Regs

00004b00     12c (00004b00)     _EPwm12Regs

00005000     140 (00005000)     _ECap1Regs
00005020     140 (00005000)     _ECap2Regs

00005040     141 (00005040)     _ECap3Regs
00005060     141 (00005040)     _ECap4Regs

00005080     142 (00005080)     _ECap5Regs
000050a0     142 (00005080)     _ECap6Regs

00005100     144 (00005100)     _EQep1Regs

00005140     145 (00005140)     _EQep2Regs

00005180     146 (00005180)     _EQep3Regs

00005c00     170 (00005c00)     _DacaRegs
00005c10     170 (00005c00)     _DacbRegs
00005c20     170 (00005c00)     _DaccRegs

00005c80     172 (00005c80)     _Cmpss1Regs
00005ca0     172 (00005c80)     _Cmpss2Regs

00005cc0     173 (00005cc0)     _Cmpss3Regs
00005ce0     173 (00005cc0)     _Cmpss4Regs

00005d00     174 (00005d00)     _Cmpss5Regs
00005d20     174 (00005d00)     _Cmpss6Regs

00005d40     175 (00005d40)     _Cmpss7Regs
00005d60     175 (00005d40)     _Cmpss8Regs

00005e00     178 (00005e00)     _Sdfm1Regs

00005e80     17a (00005e80)     _Sdfm2Regs

00006000     180 (00006000)     _McbspaRegs

00006040     181 (00006040)     _McbspbRegs

00006100     184 (00006100)     _SpiaRegs
00006110     184 (00006100)     _SpibRegs
00006120     184 (00006100)     _SpicRegs

00006200     188 (00006200)     _UppRegs

00007000     1c0 (00007000)     _WdRegs

00007060     1c1 (00007040)     _NmiIntruptRegs
00007070     1c1 (00007040)     _XintRegs

00007200     1c8 (00007200)     _SciaRegs
00007210     1c8 (00007200)     _ScibRegs
00007220     1c8 (00007200)     _ScicRegs
00007230     1c8 (00007200)     _ScidRegs

00007300     1cc (00007300)     _I2caRegs

00007340     1cd (00007340)     _I2cbRegs

00007400     1d0 (00007400)     _AdcaRegs

00007480     1d2 (00007480)     _AdcbRegs

00007500     1d4 (00007500)     _AdccRegs

00007580     1d6 (00007580)     _AdcdRegs

00007900     1e4 (00007900)     _InputXbarRegs
00007920     1e4 (00007900)     _XbarRegs

00007940     1e5 (00007940)     _SyncSocRegs

00007980     1e6 (00007980)     _DmaClaSrcSelRegs

00007a00     1e8 (00007a00)     _EPwmXbarRegs

00007a80     1ea (00007a80)     _OutputXbarRegs

00007c00     1f0 (00007c00)     _GpioCtrlRegs

00007f00     1fc (00007f00)     _GpioDataRegs

0000a800     2a0 (0000a800)     _C_mode
0000a801     2a0 (0000a800)     _STATE_CLK_ALL
0000a802     2a0 (0000a800)     _STATE_CLK
0000a803     2a0 (0000a800)     _Fly_Mode
0000a804     2a0 (0000a800)     _temp2
0000a805     2a0 (0000a800)     _STATE_2
0000a806     2a0 (0000a800)     _STATE_3
0000a808     2a0 (0000a800)     _MPU6000_Value2
0000a80a     2a0 (0000a800)     _Command
0000a80c     2a0 (0000a800)     _Test_M
0000a80f     2a0 (0000a800)     _FlightControl
0000a813     2a0 (0000a800)     _Throttle_Info
0000a818     2a0 (0000a800)     _Error_Fix
0000a81e     2a0 (0000a800)     _g_Eular
0000a824     2a0 (0000a800)     _RockerControl
0000a82c     2a0 (0000a800)     _UAVThrust

0000a840     2a1 (0000a840)     _Accel_Parameter
0000a84c     2a1 (0000a840)     _RT_Test
0000a858     2a1 (0000a840)     _MPU_Info
0000a864     2a1 (0000a840)     _Flow_Parameter
0000a870     2a1 (0000a840)     _Command_Uint

0000a880     2a2 (0000a880)     _OriginalRollRate
0000a890     2a2 (0000a880)     _OriginalYawRate
0000a8a0     2a2 (0000a880)     _OriginalPosZ
0000a8b0     2a2 (0000a880)     _OriginalVelY

0000a8c0     2a3 (0000a8c0)     _OriginalVelZ
0000a8d0     2a3 (0000a8c0)     _OriginalPitchRate
0000a8e0     2a3 (0000a8c0)     _OriginalVelX
0000a8f0     2a3 (0000a8c0)     _OriginalPitch

0000a900     2a4 (0000a900)     _OriginalRoll
0000a910     2a4 (0000a900)     _RecivePCData
0000a920     2a4 (0000a900)     _OriginalPosX
0000a930     2a4 (0000a900)     _OriginalPosY

0000a940     2a5 (0000a940)     _ReciveMvData
0000a950     2a5 (0000a940)     _OriginalAccZ
0000a960     2a5 (0000a940)     _OriginalFlowVelY
0000a970     2a5 (0000a940)     _Sensor_Info

0000a980     2a6 (0000a980)     _OriginalHeight
0000a990     2a6 (0000a980)     _OriginalFlowX
0000a9a0     2a6 (0000a980)     _OriginalYaw
0000a9b0     2a6 (0000a980)     _OriginalFlowVelX

0000a9c0     2a7 (0000a9c0)     _OriginalFlowY
0000a9d0     2a7 (0000a9c0)     _OriginalHeightRate
0000a9e0     2a7 (0000a9c0)     _Target_Info

0000aa00     2a8 (0000aa00)     _OffsetData

0000aac0     2ab (0000aac0)     _RT_Info

0000ab40     2ad (0000ab40)     _XAxis

0000abc0     2af (0000abc0)     _ZAxis

0000ac40     2b1 (0000ac40)     _YAxis

0000acc0     2b3 (0000acc0)     _PID_ParaInfo

0000ad40     2b5 (0000ad40)     _Box

0000adc4     2b7 (0000adc0)     _Mag_maxy
0000adc5     2b7 (0000adc0)     _Mag_maxx
0000adc6     2b7 (0000adc0)     _Mag_minx
0000adc7     2b7 (0000adc0)     _Mag_minz
0000adc9     2b7 (0000adc0)     _Mag_maxz
0000adca     2b7 (0000adc0)     _Mag_miny
0000adcb     2b7 (0000adc0)     _GyroDataToPC
0000addb     2b7 (0000adc0)     _DataAllToPC
0000adef     2b7 (0000adc0)     _deviceOpen
0000adf0     2b7 (0000adc0)     _Preparationtime
0000adf1     2b7 (0000adc0)     _StartFly
0000adf2     2b7 (0000adc0)     _PreparationFlag
0000adf3     2b7 (0000adc0)     _Flying
0000adf4     2b7 (0000adc0)     _PreparationPitch
0000adf6     2b7 (0000adc0)     _PreparationYaw
0000adf8     2b7 (0000adc0)     _PreparationRoll
0000adfa     2b7 (0000adc0)     _tempSensor_tempOffset
0000adfc     2b7 (0000adc0)     _tempSensor_scaleFactor
0000adfe     2b7 (0000adc0)     _tempSensor_tempSlope

0000ae02     2b8 (0000ae00)     _integralFBz
0000ae04     2b8 (0000ae00)     _integralFBy
0000ae06     2b8 (0000ae00)     _g_BaseThrrote
0000ae1a     2b8 (0000ae00)     _q2
0000ae1c     2b8 (0000ae00)     _q3
0000ae1e     2b8 (0000ae00)     _q0
0000ae20     2b8 (0000ae00)     _q1
0000ae22     2b8 (0000ae00)     _MPU_data
0000ae24     2b8 (0000ae00)     _twoKi
0000ae26     2b8 (0000ae00)     _integralFBx
0000ae28     2b8 (0000ae00)     _twoKp
0000ae2a     2b8 (0000ae00)     _Accel_Src

0000ae40     2b9 (0000ae40)     _accgyroval
0000ae4a     2b9 (0000ae40)     _RDrone_R

0000ae80     2ba (0000ae80)     _accel_filter_buf

0000aec0     2bb (0000aec0)     _flow_filter_buf

0000af00     2bc (0000af00)     _test
0000af28     2bc (0000af00)     _CpuTimer1
0000af30     2bc (0000af00)     _CpuTimer2
0000af38     2bc (0000af00)     _CpuTimer0

0000af4a     2bd (0000af40)     _MPU6000_Value3

0000af80     2be (0000af80)     _MPU6500_FIFO

0000afc6     2bf (0000afc0)     _PCData
0000afe6     2bf (0000afc0)     _lock
0000afe8     2bf (0000afc0)     _ulock_time
0000afea     2bf (0000afc0)     _lock_time
0000afec     2bf (0000afc0)     ___TI_enable_exit_profile_output
0000afee     2bf (0000afc0)     ___TI_cleanup_ptr
0000aff0     2bf (0000afc0)     ___TI_dtors_ptr
0000aff4     2bf (0000afc0)     __lock
0000aff6     2bf (0000afc0)     __unlock
0000aff8     2bf (0000afc0)     _FloatToHex
0000affa     2bf (0000afc0)     _temp4
0000affb     2bf (0000afc0)     _Led_flag
0000affc     2bf (0000afc0)     _MPU_sta
0000affd     2bf (0000afc0)     _Plane_State
0000affe     2bf (0000afc0)     _errno

0000c000     300 (0000c000)     _count2
0000c002     300 (0000c000)     _count1
0000c004     300 (0000c000)     _count
0000c006     300 (0000c000)     _EPwm3TimerDirection
0000c008     300 (0000c000)     _Chx

0000c040     301 (0000c040)     _ECapResults

0000c2a0     30a (0000c280)     _F

0000c2c0     30b (0000c2c0)     _Q
0000c2d2     30b (0000c2c0)     _I
0000c2e4     30b (0000c2c0)     _P

0000c300     30c (0000c300)     _R
0000c312     30c (0000c300)     _L
0000c324     30c (0000c300)     _K

0000c340     30d (0000c340)     _SCI
0000c344     30d (0000c340)     _MCBSP
0000c348     30d (0000c340)     _I2C
0000c34c     30d (0000c340)     _SDFM
0000c352     30d (0000c340)     _EQEP
0000c35a     30d (0000c340)     _SPI
0000c362     30d (0000c340)     _ADC
0000c36c     30d (0000c340)     _ECAP

0000c380     30e (0000c380)     _EPWM
0000c39a     30e (0000c380)     _TRIP_SEL

0000c3c0     30f (0000c3c0)     _Fix_State
0000c3c4     30f (0000c3c0)     _Test_State
0000c3c5     30f (0000c3c0)     _data_to_send

0003f800     fe0 (0003f800)     _g_asIPCCPU2toCPU1Buffers

0003f880     fe2 (0003f880)     _g_usGetWriteIndexes
0003f884     fe2 (0003f880)     _g_usPutReadIndexes

0003fc00     ff0 (0003fc00)     _g_asIPCCPU1toCPU2Buffers

0003fc80     ff2 (0003fc80)     _g_usPutWriteIndexes
0003fc84     ff2 (0003fc80)     _g_usGetReadIndexes

00047000    11c0 (00047000)     _Emif1Regs

00047800    11e0 (00047800)     _Emif2Regs

00048000    1200 (00048000)     _CanaRegs

0004a000    1280 (0004a000)     _CanbRegs

00050000    1400 (00050000)     _IpcRegs
00050024    1400 (00050000)     _FlashPumpSemaphoreRegs

0005d000    1740 (0005d000)     _DevCfgRegs

0005d180    1746 (0005d180)     _AnalogSubsysRegs

0005d200    1748 (0005d200)     _ClkCfgRegs

0005d300    174c (0005d300)     _CpuSysRegs

0005e608    1798 (0005e600)     _RomPrefetchRegs

0005f000    17c0 (0005f000)     _DcsmZ1Regs

0005f040    17c1 (0005f040)     _DcsmZ2Regs
0005f070    17c1 (0005f040)     _DcsmCommonRegs

0005f400    17d0 (0005f400)     _MemCfgRegs

0005f480    17d2 (0005f480)     _Emif1ConfigRegs
0005f4a0    17d2 (0005f480)     _Emif2ConfigRegs

0005f4c0    17d3 (0005f4c0)     _AccessProtectionRegs

0005f500    17d4 (0005f500)     _MemoryErrorRegs

0005f540    17d5 (0005f540)     _RomWaitStateRegs

0005f800    17e0 (0005f800)     _Flash0CtrlRegs

0005fb00    17ec (0005fb00)     _Flash0EccRegs

00078000    1e00 (00078000)     _DcsmZ1Otp

00078200    1e08 (00078200)     _DcsmZ2Otp

00090000    2400 (00090000)     _PieVectTableInit

000901c0    2407 (000901c0)     _KalmanFilter_Unit


GLOBAL SYMBOLS: SORTED ALPHABETICALLY BY Name 

page  address   name                                  
----  -------   ----                                  
abs   ffffffff  .text                                 
0     00086901  C$$EXIT                               
0     000861b2  FD$$ADD                               
0     00085fcd  FD$$CMP                               
0     00086377  FD$$DIV                               
0     0008648a  FD$$MPY                               
0     00086ac2  FD$$SUB                               
0     000869c2  FD$$TOFS                              
0     00086a27  FD$$TOL                               
0     00086402  FS$$DIV                               
0     00086a64  FS$$TOFD                              
0     000869e5  I$$DIV                                
0     000869f6  I$$MOD                                
0     000868d7  L$$DIV                                
0     000868e6  L$$MOD                                
0     00083fe8  LL$$AND                               
0     00083ff0  LL$$OR                                
0     00083ff8  LL$$XOR                               
0     00086ad0  U$$DIV                                
0     00086ad5  U$$MOD                                
0     000868f4  UL$$DIV                               
0     000868fb  UL$$MOD                               
0     00086a99  UL$$TOFD                              
0     00086162  _ABS                                  
1     0000c362  _ADC                                  
0     00084732  _ADCA1_ISR                            
0     000849b2  _ADCA2_ISR                            
0     000849bc  _ADCA3_ISR                            
0     000849c6  _ADCA4_ISR                            
0     000849a8  _ADCA_EVT_ISR                         
0     0008473c  _ADCB1_ISR                            
0     000849da  _ADCB2_ISR                            
0     000849e4  _ADCB3_ISR                            
0     000849ee  _ADCB4_ISR                            
0     000849d0  _ADCB_EVT_ISR                         
0     00084746  _ADCC1_ISR                            
0     00084b42  _ADCC2_ISR                            
0     00084b4c  _ADCC3_ISR                            
0     00084b56  _ADCC4_ISR                            
0     00084b38  _ADCC_EVT_ISR                         
0     00084764  _ADCD1_ISR                            
0     00084b6a  _ADCD2_ISR                            
0     00084b74  _ADCD3_ISR                            
0     00084b7e  _ADCD4_ISR                            
0     00084b60  _ADCD_EVT_ISR                         
0     00084e43  _ANO_DT_Data_Receive_Anl              
0     00084de5  _ANO_DT_Data_Receive_Prepare          
0     00084bba  _AUX_PLL_SLIP_ISR                     
1     0000a840  _Accel_Parameter                      
1     0000ae2a  _Accel_Src                            
1     0005f4c0  _AccessProtectionRegs                 
1     00007400  _AdcaRegs                             
1     00000b00  _AdcaResultRegs                       
1     00007480  _AdcbRegs                             
1     00000b20  _AdcbResultRegs                       
1     00007500  _AdccRegs                             
1     00000b40  _AdccResultRegs                       
1     00007580  _AdcdRegs                             
1     00000b60  _AdcdResultRegs                       
1     0005d180  _AnalogSubsysRegs                     
0     0008409e  _Attitude_control                     
0     00083ec0  _AuxAuxClkSel                         
0     00083eaa  _AuxIntOsc2Sel                        
0     00083eb4  _AuxXtalOscSel                        
0     00082318  _Average_Filter                       
1     0000ad40  _Box                                  
0     000860b0  _C28x_BSP_Epwm_Init                   
0     00084980  _CANA0_ISR                            
0     0008498a  _CANA1_ISR                            
0     00084994  _CANB0_ISR                            
0     0008499e  _CANB1_ISR                            
0     000849f8  _CLA1_1_ISR                           
0     00084a02  _CLA1_2_ISR                           
0     00084a0c  _CLA1_3_ISR                           
0     00084a16  _CLA1_4_ISR                           
0     00084a20  _CLA1_5_ISR                           
0     00084a2a  _CLA1_6_ISR                           
0     00084a34  _CLA1_7_ISR                           
0     00084a3e  _CLA1_8_ISR                           
0     00084bc4  _CLA_OVERFLOW_ISR                     
0     00084bce  _CLA_UNDERFLOW_ISR                    
1     0000a800  _C_mode                               
0     00084293  _Calculate_Thrust                     
1     00048000  _CanaRegs                             
1     0004a000  _CanbRegs                             
0     00085976  _Cap_init                             
1     0000c008  _Chx                                  
1     00001400  _Cla1Regs                             
0     00000ce0  _Cla1SoftIntRegs                      
1     0005d200  _ClkCfgRegs                           
1     00005c80  _Cmpss1Regs                           
1     00005ca0  _Cmpss2Regs                           
1     00005cc0  _Cmpss3Regs                           
1     00005ce0  _Cmpss4Regs                           
1     00005d00  _Cmpss5Regs                           
1     00005d20  _Cmpss6Regs                           
1     00005d40  _Cmpss7Regs                           
1     00005d60  _Cmpss8Regs                           
1     0000a80a  _Command                              
1     0000a870  _Command_Uint                         
0     0008654e  _ConfigCpuTimer                       
0     00086104  _Constraint_f                         
0     00085151  _Control_Data                         
1     0005d300  _CpuSysRegs                           
1     0000af38  _CpuTimer0                            
1     00000c00  _CpuTimer0Regs                        
1     0000af28  _CpuTimer1                            
1     00000c08  _CpuTimer1Regs                        
1     0000af30  _CpuTimer2                            
1     00000c10  _CpuTimer2Regs                        
0     00083e69  _CsmUnlock                            
0     00084688  _DATALOG_ISR                          
0     000848cc  _DMA_CH1_ISR                          
0     000848d6  _DMA_CH2_ISR                          
0     000848e0  _DMA_CH3_ISR                          
0     000848ea  _DMA_CH4_ISR                          
0     000848f4  _DMA_CH5_ISR                          
0     000848fe  _DMA_CH6_ISR                          
1     00005c00  _DacaRegs                             
1     00005c10  _DacbRegs                             
1     00005c20  _DaccRegs                             
0     00085145  _Data                                 
1     0000addb  _DataAllToPC                          
0     0008516c  _Data_Combine                         
0     0008518a  _Data_Combine_2                       
0     00085155  _Data_Handle                          
1     0005f070  _DcsmCommonRegs                       
1     00078000  _DcsmZ1Otp                            
1     0005f000  _DcsmZ1Regs                           
1     00078200  _DcsmZ2Otp                            
1     0005f040  _DcsmZ2Regs                           
0     00086604  _Delay_ms                             
0     00086646  _Delay_us                             
1     0005d000  _DevCfgRegs                           
0     00083ccd  _DisableDog                           
0     00083c8e  _DisablePeripheralClocks              
1     00007980  _DmaClaSrcSelRegs                     
1     00001000  _DmaRegs                              
1     0000c36c  _ECAP                                 
0     00084822  _ECAP1_ISR                            
0     0008482c  _ECAP2_ISR                            
0     00084836  _ECAP3_ISR                            
0     00084840  _ECAP4_ISR                            
0     0008484a  _ECAP5_ISR                            
0     00084854  _ECAP6_ISR                            
1     00005000  _ECap1Regs                            
1     00005020  _ECap2Regs                            
1     00005040  _ECap3Regs                            
1     00005060  _ECap4Regs                            
1     00005080  _ECap5Regs                            
1     000050a0  _ECap6Regs                            
1     0000c040  _ECapResults                          
0     00084b88  _EMIF_ERROR_ISR                       
0     00084be2  _EMPTY_ISR                            
0     0008469c  _EMU_ISR                              
1     0000c380  _EPWM                                 
0     00084ade  _EPWM10_ISR                           
0     00084ab6  _EPWM10_TZ_ISR                        
0     00084ae8  _EPWM11_ISR                           
0     00084ac0  _EPWM11_TZ_ISR                        
0     00084af2  _EPWM12_ISR                           
0     00084aca  _EPWM12_TZ_ISR                        
0     000847d2  _EPWM1_ISR                            
0     00084782  _EPWM1_TZ_ISR                         
0     000847dc  _EPWM2_ISR                            
0     0008478c  _EPWM2_TZ_ISR                         
0     000847e6  _EPWM3_ISR                            
0     00084796  _EPWM3_TZ_ISR                         
0     000847f0  _EPWM4_ISR                            
0     000847a0  _EPWM4_TZ_ISR                         
0     000847fa  _EPWM5_ISR                            
0     000847aa  _EPWM5_TZ_ISR                         
0     00084804  _EPWM6_ISR                            
0     000847b4  _EPWM6_TZ_ISR                         
0     0008480e  _EPWM7_ISR                            
0     000847be  _EPWM7_TZ_ISR                         
0     00084818  _EPWM8_ISR                            
0     000847c8  _EPWM8_TZ_ISR                         
0     00084ad4  _EPWM9_ISR                            
0     00084aac  _EPWM9_TZ_ISR                         
1     00004900  _EPwm10Regs                           
1     00004a00  _EPwm11Regs                           
1     00004b00  _EPwm12Regs                           
1     00004000  _EPwm1Regs                            
1     00004100  _EPwm2Regs                            
1     00004200  _EPwm3Regs                            
1     0000c006  _EPwm3TimerDirection                  
1     00004300  _EPwm4Regs                            
1     00004400  _EPwm5Regs                            
1     00004500  _EPwm6Regs                            
1     00004600  _EPwm7Regs                            
1     00004700  _EPwm8Regs                            
1     00004800  _EPwm9Regs                            
1     00007a00  _EPwmXbarRegs                         
1     0000c352  _EQEP                                 
0     0008485e  _EQEP1_ISR                            
0     00084868  _EQEP2_ISR                            
0     00084872  _EQEP3_ISR                            
1     00005100  _EQep1Regs                            
1     00005140  _EQep2Regs                            
1     00005180  _EQep3Regs                            
1     0005f480  _Emif1ConfigRegs                      
1     00047000  _Emif1Regs                            
1     0005f4a0  _Emif2ConfigRegs                      
1     00047800  _Emif2Regs                            
1     00000d01  _EmuBMode                             
1     00000d00  _EmuKey                               
0     00086949  _EnableInterrupts                     
0     00085307  _End_Mission                          
1     0000a818  _Error_Fix                            
1     0000c2a0  _F                                    
0     00008037  _F28x_usDelay                         
0     00084b9c  _FLASH_CORRECTABLE_ERROR_ISR          
0     00084a70  _FPU_OVERFLOW_ISR                     
0     00084a7a  _FPU_UNDERFLOW_ISR                    
1     0000c3c0  _Fix_State                            
0     00085314  _Fixed_Mission                        
1     0005f800  _Flash0CtrlRegs                       
1     0005fb00  _Flash0EccRegs                        
0     00008029  _FlashOff                             
1     00050024  _FlashPumpSemaphoreRegs               
1     0000a80f  _FlightControl                        
1     0000aff8  _FloatToHex                           
0     00086141  _FloatToUnsignedchar                  
1     0000a864  _Flow_Parameter                       
0     00085138  _Fly                                  
1     0000a803  _Fly_Mode                             
0     00085282  _Fly_Up                               
1     0000adf3  _Flying                               
0     0008559b  _GPIO_EnableUnbondedIOPullups         
0     00085576  _GPIO_EnableUnbondedIOPullupsFor100Pin
0     0008555d  _GPIO_EnableUnbondedIOPullupsFor176Pin
0     000855b1  _GPIO_ReadPin                         
0     00085502  _GPIO_SetupLock                       
0     000853e2  _GPIO_SetupPinMux                     
0     0008546e  _GPIO_SetupPinOptions                 
0     0008552b  _GPIO_SetupXINT1Gpio                  
0     00085535  _GPIO_SetupXINT2Gpio                  
0     0008553f  _GPIO_SetupXINT3Gpio                  
0     00085549  _GPIO_SetupXINT4Gpio                  
0     00085553  _GPIO_SetupXINT5Gpio                  
0     000855c8  _GPIO_WritePin                        
1     00007c00  _GpioCtrlRegs                         
1     00007f00  _GpioDataRegs                         
1     0000adcb  _GyroDataToPC                         
0     00083ede  _HALT                                 
0     00083ef7  _HIB                                  
0     000850f0  _Hardware_Init                        
0     000843d0  _Height_control                       
1     0000c2d2  _I                                    
1     0000c348  _I2C                                  
0     00084912  _I2CA_FIFO_ISR                        
0     00084908  _I2CA_ISR                             
0     00084926  _I2CB_FIFO_ISR                        
0     0008491c  _I2CB_ISR                             
1     00007300  _I2caRegs                             
1     00007340  _I2cbRegs                             
0     00083eca  _IDLE                                 
0     000846b0  _ILLEGAL_ISR                          
0     000838ad  _IMU_getInfo                          
0     000837d4  _IMU_getValues                        
0     00084a84  _IPC0_ISR                             
0     00084a8e  _IPC1_ISR                             
0     00084a98  _IPC2_ISR                             
0     00084aa2  _IPC3_ISR                             
0     00083da1  _InitAuxPll                           
0     0008650d  _InitCpuTimers                        
0     000859e9  _InitECapture1                        
0     00085a0f  _InitECapture2                        
0     00085a35  _InitECapture3                        
0     00085a5b  _InitECapture4                        
0     00085a81  _InitECapture5                        
0     00085aa7  _InitECapture6                        
0     00085cde  _InitEPwm10Gpio                       
0     00085cf1  _InitEPwm11Gpio                       
0     00085d05  _InitEPwm12Gpio                       
0     0008603c  _InitEPwm1Example                     
0     00085c34  _InitEPwm1Gpio                        
0     00086076  _InitEPwm2Example                     
0     00085c46  _InitEPwm2Gpio                        
0     00085c58  _InitEPwm3Gpio                        
0     00085c6c  _InitEPwm4Gpio                        
0     00085c80  _InitEPwm5Gpio                        
0     00085c92  _InitEPwm6Gpio                        
0     00085ca4  _InitEPwm7Gpio                        
0     00085cb8  _InitEPwm8Gpio                        
0     00085ccc  _InitEPwm9Gpio                        
0     00085c1b  _InitEPwmGpio                         
0     00008000  _InitFlash                            
0     000853a2  _InitGpio                             
0     00083c0a  _InitPeripheralClocks                 
0     0008692a  _InitPieCtrl                          
0     00086952  _InitPieVectTable                     
0     00083bcd  _InitSysCtrl                          
0     00083cdb  _InitSysPll                           
0     000865cb  _Init_Spi                             
0     00086590  _Init_spi_gpio                        
1     00007900  _InputXbarRegs                        
1     00050000  _IpcRegs                              
1     0000c324  _K                                    
0     0008235d  _KalmanFilter_Init                    
0     000901c0  _KalmanFilter_Unit                    
1     0000c312  _L                                    
0     000822c2  _LPButterworth                        
0     0008689e  _Led_Init                             
0     000868b7  _Led_Off0                             
0     000868c1  _Led_Off1                             
0     000868b2  _Led_On0                              
0     000868bc  _Led_On1                              
1     0000affb  _Led_flag                             
0     00086122  _Limits_data                          
0     000856f3  _Lock_Control                         
0     0008616f  _MAX                                  
1     0000c344  _MCBSP                                
0     000848a4  _MCBSPA_RX_ISR                        
0     000848ae  _MCBSPA_TX_ISR                        
0     000848b8  _MCBSPB_RX_ISR                        
0     000848c2  _MCBSPB_TX_ISR                        
0     00085866  _MPU6000_Read                         
0     00085895  _MPU6000_ReadAcc                      
1     0000a808  _MPU6000_Value2                       
1     0000af4a  _MPU6000_Value3                       
0     000857cb  _MPU6500_BrustRead                    
1     0000af80  _MPU6500_FIFO                         
0     0008593a  _MPU6500_Init_Offset                  
0     00085814  _MPU6500_initialize                   
0     000858da  _MPU6500_readGyro_Acc                 
0     000857fe  _MPU6500_readRegs                     
1     0000a858  _MPU_Info                             
1     0000ae22  _MPU_data                             
1     0000affc  _MPU_sta                              
1     0000adc5  _Mag_maxx                             
1     0000adc4  _Mag_maxy                             
1     0000adc9  _Mag_maxz                             
1     0000adc6  _Mag_minx                             
1     0000adca  _Mag_miny                             
1     0000adc7  _Mag_minz                             
0     00083448  _MahonyAHRSupdate                     
0     00083221  _MahonyAHRSupdateIMU                  
0     00082cb3  _Mat_add_3x1                          
0     00082c37  _Mat_add_3x3                          
0     00082a86  _Mat_copy_3x1                         
0     00082a49  _Mat_copy_3x3                         
0     00082db0  _Mat_inv_3x3                          
0     00082bca  _Mat_mul_3x3_3x1                      
0     00082a97  _Mat_mul_3x3_3x3                      
0     00082d58  _Mat_sub_3x1                          
0     00082cdb  _Mat_sub_3x3                          
0     00082d81  _Mat_transpose                        
1     00006000  _McbspaRegs                           
1     00006040  _McbspbRegs                           
0     00082234  _Median_Filter                        
1     0005f400  _MemCfgRegs                           
1     0005f500  _MemoryErrorRegs                      
0     000846a6  _NMI_ISR                              
0     00084bef  _NOTUSED_ISR                          
1     00007060  _NmiIntruptRegs                       
1     0000aa00  _OffsetData                           
0     000827bf  _OpticalFlow_Estimation               
1     0000a950  _OriginalAccZ                         
1     0000a9b0  _OriginalFlowVelX                     
1     0000a960  _OriginalFlowVelY                     
1     0000a990  _OriginalFlowX                        
1     0000a9c0  _OriginalFlowY                        
1     0000a980  _OriginalHeight                       
1     0000a9d0  _OriginalHeightRate                   
1     0000a8f0  _OriginalPitch                        
1     0000a8d0  _OriginalPitchRate                    
1     0000a920  _OriginalPosX                         
1     0000a930  _OriginalPosY                         
1     0000a8a0  _OriginalPosZ                         
1     0000a900  _OriginalRoll                         
1     0000a880  _OriginalRollRate                     
1     0000a8e0  _OriginalVelX                         
1     0000a8b0  _OriginalVelY                         
1     0000a8c0  _OriginalVelZ                         
1     0000a9a0  _OriginalYaw                          
1     0000a890  _OriginalYawRate                      
1     00007a80  _OutputXbarRegs                       
1     0000c2e4  _P                                    
1     0000afc6  _PCData                               
0     00084bf9  _PCData_Control                       
0     00084000  _PID_Control                          
1     0000acc0  _PID_ParaInfo                         
0     00084bd8  _PIE_RESERVED_ISR                     
0     0008240f  _POS_KalmanFilter                     
0     000860bf  _PWM_OUTPUT                           
1     00000ce0  _PieCtrlRegs                          
1     00000d00  _PieVectTable                         
0     00090000  _PieVectTableInit                     
1     0000affd  _Plane_State                          
[...]
0     00085be9  _ecap6_isr                            
0     00085c1b  _InitEPwmGpio                         
0     00085c34  _InitEPwm1Gpio                        
0     00085c46  _InitEPwm2Gpio                        
0     00085c58  _InitEPwm3Gpio                        
0     00085c6c  _InitEPwm4Gpio                        
0     00085c80  _InitEPwm5Gpio                        
0     00085c92  _InitEPwm6Gpio                        
0     00085ca4  _InitEPwm7Gpio                        
0     00085cb8  _InitEPwm8Gpio                        
0     00085ccc  _InitEPwm9Gpio                        
0     00085cde  _InitEPwm10Gpio                       
0     00085cf1  _InitEPwm11Gpio                       
0     00085d05  _InitEPwm12Gpio                       
0     00085d18  _U16ToU8                              
0     00085d3e  _Sci_Init                             
0     00085d43  _Scib_Init                            
0     00085d84  _Scic_Init                            
0     00085dc5  _scic_msg                             
0     00085ddd  _scib_msg                             
0     00085df5  _Uart_Put_Buf                         
0     00085e05  _UARTCharPut                          
0     00085e11  _asin                                 
0     00085e11  _asinf                                
0     00085f02  _atan                                 
0     00085f02  _atanf                                
0     00085fcd  FD$$CMP                               
0     00085ff7  __register_unlock                     
0     00085ffb  __register_lock                       
0     00085fff  __nop                                 
0     00086000  _RamfuncsLoadStart                    
0     0008603b  _RamfuncsLoadEnd                      
0     0008603c  _InitEPwm1Example                     
0     00086076  _InitEPwm2Example                     
0     000860b0  _C28x_BSP_Epwm_Init                   
0     000860bf  _PWM_OUTPUT                           
0     00086104  _Constraint_f                         
0     00086122  _Limits_data                          
0     00086141  _FloatToUnsignedchar                  
0     00086162  _ABS                                  
0     0008616f  _MAX                                  
0     00086188  _invSqrt                              
0     000861b2  FD$$ADD                               
0     0008624e  _Pre_fly                              
0     000862e5  __system_post_cinit                   
0     000862e6  _sqrtl                                
0     00086377  FD$$DIV                               
0     00086402  FS$$DIV                               
0     0008648a  FD$$MPY                               
0     0008650d  _InitCpuTimers                        
0     0008654e  _ConfigCpuTimer                       
0     00086589  _spi_xmit                             
0     00086590  _Init_spi_gpio                        
0     000865cb  _Init_Spi                             
0     000865ec  _spi_fifo_init                        
0     000865f6  _SPI_ReadWrite_Byte                   
0     00086604  _Delay_ms                             
0     00086646  _Delay_us                             
0     0008667e  _scicRxFifoIsr                        
0     000866aa  _scibRxFifoIsr                        
0     000866eb  _cos                                  
0     000866eb  _cosf                                 
0     0008674c  _tan                                  
0     0008674c  _tanf                                 
0     000867ad  _cpu_timer0_isr                       
0     000867e6  _cpu_timer1_isr                       
0     00086804  _c_int00                              
0     0008685a  _Timer_Init                           
0     0008688e  _Timer_Control                        
0     0008689e  _Led_Init                             
0     000868b2  _Led_On0                              
0     000868b7  _Led_Off0                             
0     000868bc  _Led_On1                              
0     000868c1  _Led_Off1                             
0     000868c6  _Sys_led                              
0     000868d7  L$$DIV                                
0     000868e6  L$$MOD                                
0     000868f4  UL$$DIV                               
0     000868fb  UL$$MOD                               
0     00086901  C$$EXIT                               
0     00086901  _abort                                
0     00086903  _exit                                 
0     0008692a  _InitPieCtrl                          
0     00086949  _EnableInterrupts                     
0     00086952  _InitPieVectTable                     
0     00086978  _sqrt                                 
0     00086978  _sqrtf                                
0     0008699e  _copy_in                              
0     000869c2  FD$$TOFS                              
0     000869e5  I$$DIV                                
0     000869f6  I$$MOD                                
0     00086a07  _xint1_isr                            
0     00086a27  FD$$TOL                               
0     00086a46  _memcpy                               
0     00086a64  FS$$TOFD                              
0     00086a80  __args_main                           
0     00086a99  UL$$TOFD                              
0     00086aaf  _main                                 
0     00086ac2  FD$$SUB                               
0     00086ad0  U$$DIV                                
0     00086ad5  U$$MOD                                
0     00086adb  _SetDBGIER                            
0     00086ade  __system_pre_init                     
0     00090000  _PieVectTableInit                     
0     000901c0  _KalmanFilter_Unit                    
1     00000400  __stack                               
1     00000600  __STACK_END                           
1     00000b00  _AdcaResultRegs                       
1     00000b20  _AdcbResultRegs                       
1     00000b40  _AdccResultRegs                       
1     00000b60  _AdcdResultRegs                       
1     00000c00  _CpuTimer0Regs                        
1     00000c08  _CpuTimer1Regs                        
1     00000c10  _CpuTimer2Regs                        
1     00000ce0  _PieCtrlRegs                          
1     00000d00  _EmuKey                               
1     00000d00  _PieVectTable                         
1     00000d01  _EmuBMode                             
1     00001000  _DmaRegs                              
1     00001400  _Cla1Regs                             
1     00004000  _EPwm1Regs                            
1     00004100  _EPwm2Regs                            
1     00004200  _EPwm3Regs                            
1     00004300  _EPwm4Regs                            
1     00004400  _EPwm5Regs                            
1     00004500  _EPwm6Regs                            
1     00004600  _EPwm7Regs                            
1     00004700  _EPwm8Regs                            
1     00004800  _EPwm9Regs                            
1     00004900  _EPwm10Regs                           
1     00004a00  _EPwm11Regs                           
1     00004b00  _EPwm12Regs                           
1     00005000  _ECap1Regs                            
1     00005020  _ECap2Regs                            
1     00005040  _ECap3Regs                            
1     00005060  _ECap4Regs                            
1     00005080  _ECap5Regs                            
1     000050a0  _ECap6Regs                            
1     00005100  _EQep1Regs                            
1     00005140  _EQep2Regs                            
1     00005180  _EQep3Regs                            
1     00005c00  _DacaRegs                             
1     00005c10  _DacbRegs                             
1     00005c20  _DaccRegs                             
1     00005c80  _Cmpss1Regs                           
1     00005ca0  _Cmpss2Regs                           
1     00005cc0  _Cmpss3Regs                           
1     00005ce0  _Cmpss4Regs                           
1     00005d00  _Cmpss5Regs                           
1     00005d20  _Cmpss6Regs                           
1     00005d40  _Cmpss7Regs                           
1     00005d60  _Cmpss8Regs                           
1     00005e00  _Sdfm1Regs                            
1     00005e80  _Sdfm2Regs                            
1     00006000  _McbspaRegs                           
1     00006040  _McbspbRegs                           
1     00006100  _SpiaRegs                             
1     00006110  _SpibRegs                             
1     00006120  _SpicRegs                             
1     00006200  _UppRegs                              
1     00007000  _WdRegs                               
1     00007060  _NmiIntruptRegs                       
1     00007070  _XintRegs                             
1     00007200  _SciaRegs                             
1     00007210  _ScibRegs                             
1     00007220  _ScicRegs                             
1     00007230  _ScidRegs                             
1     00007300  _I2caRegs                             
1     00007340  _I2cbRegs                             
1     00007400  _AdcaRegs                             
1     00007480  _AdcbRegs                             
1     00007500  _AdccRegs                             
1     00007580  _AdcdRegs                             
1     00007900  _InputXbarRegs                        
1     00007920  _XbarRegs                             
1     00007940  _SyncSocRegs                          
1     00007980  _DmaClaSrcSelRegs                     
1     00007a00  _EPwmXbarRegs                         
1     00007a80  _OutputXbarRegs                       
1     00007c00  _GpioCtrlRegs                         
1     00007f00  _GpioDataRegs                         
1     0000a800  _C_mode                               
1     0000a801  _STATE_CLK_ALL                        
1     0000a802  _STATE_CLK                            
1     0000a803  _Fly_Mode                             
1     0000a804  _temp2                                
1     0000a805  _STATE_2                              
1     0000a806  _STATE_3                              
1     0000a808  _MPU6000_Value2                       
1     0000a80a  _Command                              
1     0000a80c  _Test_M                               
1     0000a80f  _FlightControl                        
1     0000a813  _Throttle_Info                        
1     0000a818  _Error_Fix                            
1     0000a81e  _g_Eular                              
1     0000a824  _RockerControl                        
1     0000a82c  _UAVThrust                            
1     0000a840  _Accel_Parameter                      
1     0000a84c  _RT_Test                              
1     0000a858  _MPU_Info                             
1     0000a864  _Flow_Parameter                       
1     0000a870  _Command_Uint                         
1     0000a880  _OriginalRollRate                     
1     0000a890  _OriginalYawRate                      
1     0000a8a0  _OriginalPosZ                         
1     0000a8b0  _OriginalVelY                         
1     0000a8c0  _OriginalVelZ                         
1     0000a8d0  _OriginalPitchRate                    
1     0000a8e0  _OriginalVelX                         
1     0000a8f0  _OriginalPitch                        
1     0000a900  _OriginalRoll                         
1     0000a910  _RecivePCData                         
1     0000a920  _OriginalPosX                         
1     0000a930  _OriginalPosY                         
1     0000a940  _ReciveMvData                         
1     0000a950  _OriginalAccZ                         
1     0000a960  _OriginalFlowVelY                     
1     0000a970  _Sensor_Info                          
1     0000a980  _OriginalHeight                       
1     0000a990  _OriginalFlowX                        
1     0000a9a0  _OriginalYaw                          
1     0000a9b0  _OriginalFlowVelX                     
1     0000a9c0  _OriginalFlowY                        
1     0000a9d0  _OriginalHeightRate                   
1     0000a9e0  _Target_Info                          
1     0000aa00  _OffsetData                           
1     0000aac0  _RT_Info                              
1     0000ab40  _XAxis                                
1     0000abc0  _ZAxis                                
1     0000ac40  _YAxis                                
1     0000acc0  _PID_ParaInfo                         
1     0000ad40  _Box                                  
1     0000adc4  _Mag_maxy                             
1     0000adc5  _Mag_maxx                             
1     0000adc6  _Mag_minx                             
1     0000adc7  _Mag_minz                             
1     0000adc9  _Mag_maxz                             
1     0000adca  _Mag_miny                             
1     0000adcb  _GyroDataToPC                         
1     0000addb  _DataAllToPC                          
1     0000adef  _deviceOpen                           
1     0000adf0  _Preparationtime                      
1     0000adf1  _StartFly                             
1     0000adf2  _PreparationFlag                      
1     0000adf3  _Flying                               
1     0000adf4  _PreparationPitch                     
1     0000adf6  _PreparationYaw                       
1     0000adf8  _PreparationRoll                      
1     0000adfa  _tempSensor_tempOffset                
1     0000adfc  _tempSensor_scaleFactor               
1     0000adfe  _tempSensor_tempSlope                 
1     0000ae02  _integralFBz                          
1     0000ae04  _integralFBy                          
1     0000ae06  _g_BaseThrrote                        
1     0000ae1a  _q2                                   
1     0000ae1c  _q3                                   
1     0000ae1e  _q0                                   
1     0000ae20  _q1                                   
1     0000ae22  _MPU_data                             
1     0000ae24  _twoKi                                
1     0000ae26  _integralFBx                          
1     0000ae28  _twoKp                                
1     0000ae2a  _Accel_Src                            
1     0000ae40  _accgyroval                           
1     0000ae4a  _RDrone_R                             
1     0000ae80  _accel_filter_buf                     
1     0000aec0  _flow_filter_buf                      
1     0000af00  _test                                 
1     0000af28  _CpuTimer1                            
1     0000af30  _CpuTimer2                            
1     0000af38  _CpuTimer0                            
1     0000af4a  _MPU6000_Value3                       
1     0000af80  _MPU6500_FIFO                         
1     0000afc6  _PCData                               
1     0000afe6  _lock                                 
1     0000afe8  _ulock_time                           
1     0000afea  _lock_time                            
1     0000afec  ___TI_enable_exit_profile_output      
1     0000afee  ___TI_cleanup_ptr                     
1     0000aff0  ___TI_dtors_ptr                       
1     0000aff4  __lock                                
1     0000aff6  __unlock                              
1     0000aff8  _FloatToHex                           
1     0000affa  _temp4                                
1     0000affb  _Led_flag                             
1     0000affc  _MPU_sta                              
1     0000affd  _Plane_State                          
1     0000affe  _errno                                
1     0000c000  _count2                               
1     0000c002  _count1                               
1     0000c004  _count                                
1     0000c006  _EPwm3TimerDirection                  
1     0000c008  _Chx                                  
1     0000c040  _ECapResults                          
1     0000c2a0  _F                                    
1     0000c2c0  _Q                                    
1     0000c2d2  _I                                    
1     0000c2e4  _P                                    
1     0000c300  _R                                    
1     0000c312  _L                                    
1     0000c324  _K                                    
1     0000c340  _SCI                                  
1     0000c344  _MCBSP                                
1     0000c348  _I2C                                  
1     0000c34c  _SDFM                                 
1     0000c352  _EQEP                                 
1     0000c35a  _SPI                                  
1     0000c362  _ADC                                  
1     0000c36c  _ECAP                                 
1     0000c380  _EPWM                                 
1     0000c39a  _TRIP_SEL                             
1     0000c3c0  _Fix_State                            
1     0000c3c4  _Test_State                           
1     0000c3c5  _data_to_send                         
1     0003fc00  _g_asIPCCPU1toCPU2Buffers             
1     0003fc80  _g_usPutWriteIndexes                  
1     0003fc84  _g_usGetReadIndexes                   
1     00047000  _Emif1Regs                            
1     00047800  _Emif2Regs                            
1     00048000  _CanaRegs                             
1     0004a000  _CanbRegs                             
1     00050000  _IpcRegs                              
1     00050024  _FlashPumpSemaphoreRegs               
1     0005d000  _DevCfgRegs                           
1     0005d180  _AnalogSubsysRegs                     
1     0005d200  _ClkCfgRegs                           
1     0005d300  _CpuSysRegs                           
1     0005e608  _RomPrefetchRegs                      
1     0005f000  _DcsmZ1Regs                           
1     0005f040  _DcsmZ2Regs                           
1     0005f070  _DcsmCommonRegs                       
1     0005f400  _MemCfgRegs                           
1     0005f480  _Emif1ConfigRegs                      
1     0005f4a0  _Emif2ConfigRegs                      
1     0005f4c0  _AccessProtectionRegs                 
1     0005f500  _MemoryErrorRegs                      
1     0005f540  _RomWaitStateRegs                     
1     0005f800  _Flash0CtrlRegs                       
1     0005fb00  _Flash0EccRegs                        
1     00078000  _DcsmZ1Otp                            
1     00078200  _DcsmZ2Otp                            
abs   0000003b  _RamfuncsLoadSize                     
abs   0000003b  _RamfuncsRunSize                      
abs   00000200  __STACK_SIZE                          
abs   ffffffff  .text                                 
abs   ffffffff  ___TI_pprof_out_hndl                  
abs   ffffffff  ___TI_prof_data_size                  
abs   ffffffff  ___TI_prof_data_start                 
abs   ffffffff  ___binit__                            
abs   ffffffff  ___c_args__                           
abs   ffffffff  ___etext__                            
abs   ffffffff  ___pinit__                            
abs   ffffffff  ___text__                             
abs   ffffffff  binit                                 
abs   ffffffff  etext                                 
abs   ffffffff  pinit                                 

[625 symbols]
