<?xml version="1.0" encoding="ISO-8859-1" ?>
<link_info>
   <banner>TMS320C2000 Linker PC v18.1.2.LTS</banner>
   <copyright>Copyright (c) 1996-2017 Texas Instruments Incorporated</copyright>
   <link_time>0x5cbf1a0e</link_time>
   <link_errors>0x0</link_errors>
   <output_file>flight_control_v1.0.out</output_file>
   <entry_point>
      <name>_c_int00</name>
      <address>0x86804</address>
   </entry_point>
   <input_file_list>
      <input_file id="fl-2">
         <path>.\</path>
         <kind>object</kind>
         <file>main.obj</file>
         <name>main.obj</name>
      </input_file>
      <input_file id="fl-3">
         <path>.\algorithm\</path>
         <kind>object</kind>
         <file>PID_control.obj</file>
         <name>PID_control.obj</name>
      </input_file>
      <input_file id="fl-4">
         <path>.\algorithm\</path>
         <kind>object</kind>
         <file>filter.obj</file>
         <name>filter.obj</name>
      </input_file>
      <input_file id="fl-5">
         <path>.\algorithm\</path>
         <kind>object</kind>
         <file>imu.obj</file>
         <name>imu.obj</name>
      </input_file>
      <input_file id="fl-6">
         <path>.\algorithm\</path>
         <kind>object</kind>
         <file>math2.obj</file>
         <name>math2.obj</name>
      </input_file>
      <input_file id="fl-7">
         <path>.\communication\</path>
         <kind>object</kind>
         <file>PCData.obj</file>
         <name>PCData.obj</name>
      </input_file>
      <input_file id="fl-8">
         <path>.\communication\</path>
         <kind>object</kind>
         <file>cap.obj</file>
         <name>cap.obj</name>
      </input_file>
      <input_file id="fl-9">
         <path>.\communication\</path>
         <kind>object</kind>
         <file>receive.obj</file>
         <name>receive.obj</name>
      </input_file>
      <input_file id="fl-a">
         <path>.\communication\</path>
         <kind>object</kind>
         <file>sci.obj</file>
         <name>sci.obj</name>
      </input_file>
      <input_file id="fl-b">
         <path>.\communication\</path>
         <kind>object</kind>
         <file>send.obj</file>
         <name>send.obj</name>
      </input_file>
      <input_file id="fl-c">
         <path>.\communication\</path>
         <kind>object</kind>
         <file>spi.obj</file>
         <name>spi.obj</name>
      </input_file>
      <input_file id="fl-d">
         <path>.\sensor\</path>
         <kind>object</kind>
         <file>OpticalFlow.obj</file>
         <name>OpticalFlow.obj</name>
      </input_file>
      <input_file id="fl-e">
         <path>.\sensor\</path>
         <kind>object</kind>
         <file>mpu9250.obj</file>
         <name>mpu9250.obj</name>
      </input_file>
      <input_file id="fl-f">
         <path>.\source\</path>
         <kind>object</kind>
         <file>F2837xD_Adc.obj</file>
         <name>F2837xD_Adc.obj</name>
      </input_file>
      <input_file id="fl-10">
         <path>.\source\</path>
         <kind>object</kind>
         <file>F2837xD_CodeStartBranch.obj</file>
         <name>F2837xD_CodeStartBranch.obj</name>
      </input_file>
      <input_file id="fl-11">
         <path>.\source\</path>
         <kind>object</kind>
         <file>F2837xD_CpuTimers.obj</file>
         <name>F2837xD_CpuTimers.obj</name>
      </input_file>
      <input_file id="fl-12">
         <path>.\source\</path>
         <kind>object</kind>
         <file>F2837xD_DBGIER.obj</file>
         <name>F2837xD_DBGIER.obj</name>
      </input_file>
      <input_file id="fl-13">
         <path>.\source\</path>
         <kind>object</kind>
         <file>F2837xD_DefaultISR.obj</file>
         <name>F2837xD_DefaultISR.obj</name>
      </input_file>
      <input_file id="fl-14">
         <path>.\source\</path>
         <kind>object</kind>
         <file>F2837xD_Dma.obj</file>
         <name>F2837xD_Dma.obj</name>
      </input_file>
      <input_file id="fl-15">
         <path>.\source\</path>
         <kind>object</kind>
         <file>F2837xD_ECap.obj</file>
         <name>F2837xD_ECap.obj</name>
      </input_file>
      <input_file id="fl-16">
         <path>.\source\</path>
         <kind>object</kind>
         <file>F2837xD_EPwm.obj</file>
         <name>F2837xD_EPwm.obj</name>
      </input_file>
      <input_file id="fl-17">
         <path>.\source\</path>
         <kind>object</kind>
         <file>F2837xD_EQep.obj</file>
         <name>F2837xD_EQep.obj</name>
      </input_file>
      <input_file id="fl-18">
         <path>.\source\</path>
         <kind>object</kind>
         <file>F2837xD_Emif.obj</file>
         <name>F2837xD_Emif.obj</name>
      </input_file>
      <input_file id="fl-19">
         <path>.\source\</path>
         <kind>object</kind>
         <file>F2837xD_GlobalVariableDefs.obj</file>
         <name>F2837xD_GlobalVariableDefs.obj</name>
      </input_file>
      <input_file id="fl-1a">
         <path>.\source\</path>
         <kind>object</kind>
         <file>F2837xD_Gpio.obj</file>
         <name>F2837xD_Gpio.obj</name>
      </input_file>
      <input_file id="fl-1b">
         <path>.\source\</path>
         <kind>object</kind>
         <file>F2837xD_I2C.obj</file>
         <name>F2837xD_I2C.obj</name>
      </input_file>
      <input_file id="fl-1c">
         <path>.\source\</path>
         <kind>object</kind>
         <file>F2837xD_Ipc.obj</file>
         <name>F2837xD_Ipc.obj</name>
      </input_file>
      <input_file id="fl-1d">
         <path>.\source\</path>
         <kind>object</kind>
         <file>F2837xD_Ipc_Driver.obj</file>
         <name>F2837xD_Ipc_Driver.obj</name>
      </input_file>
      <input_file id="fl-1e">
         <path>.\source\</path>
         <kind>object</kind>
         <file>F2837xD_Ipc_Driver_Lite.obj</file>
         <name>F2837xD_Ipc_Driver_Lite.obj</name>
      </input_file>
      <input_file id="fl-1f">
         <path>.\source\</path>
         <kind>object</kind>
         <file>F2837xD_Ipc_Driver_Util.obj</file>
         <name>F2837xD_Ipc_Driver_Util.obj</name>
      </input_file>
      <input_file id="fl-20">
         <path>.\source\</path>
         <kind>object</kind>
         <file>F2837xD_Mcbsp.obj</file>
         <name>F2837xD_Mcbsp.obj</name>
      </input_file>
      <input_file id="fl-21">
         <path>.\source\</path>
         <kind>object</kind>
         <file>F2837xD_PieCtrl.obj</file>
         <name>F2837xD_PieCtrl.obj</name>
      </input_file>
      <input_file id="fl-22">
         <path>.\source\</path>
         <kind>object</kind>
         <file>F2837xD_PieVect.obj</file>
         <name>F2837xD_PieVect.obj</name>
      </input_file>
      <input_file id="fl-23">
         <path>.\source\</path>
         <kind>object</kind>
         <file>F2837xD_Sci.obj</file>
         <name>F2837xD_Sci.obj</name>
      </input_file>
      <input_file id="fl-24">
         <path>.\source\</path>
         <kind>object</kind>
         <file>F2837xD_Spi.obj</file>
         <name>F2837xD_Spi.obj</name>
      </input_file>
      <input_file id="fl-25">
         <path>.\source\</path>
         <kind>object</kind>
         <file>F2837xD_SysCtrl.obj</file>
         <name>F2837xD_SysCtrl.obj</name>
      </input_file>
      <input_file id="fl-26">
         <path>.\source\</path>
         <kind>object</kind>
         <file>F2837xD_TempSensorConv.obj</file>
         <name>F2837xD_TempSensorConv.obj</name>
      </input_file>
      <input_file id="fl-27">
         <path>.\source\</path>
         <kind>object</kind>
         <file>F2837xD_Upp.obj</file>
         <name>F2837xD_Upp.obj</name>
      </input_file>
      <input_file id="fl-28">
         <path>.\source\</path>
         <kind>object</kind>
         <file>F2837xD_can.obj</file>
         <name>F2837xD_can.obj</name>
      </input_file>
      <input_file id="fl-29">
         <path>.\source\</path>
         <kind>object</kind>
         <file>F2837xD_sci_io.obj</file>
         <name>F2837xD_sci_io.obj</name>
      </input_file>
      <input_file id="fl-2a">
         <path>.\source\</path>
         <kind>object</kind>
         <file>F2837xD_sdfm_drivers.obj</file>
         <name>F2837xD_sdfm_drivers.obj</name>
      </input_file>
      <input_file id="fl-2b">
         <path>.\source\</path>
         <kind>object</kind>
         <file>F2837xD_struct.obj</file>
         <name>F2837xD_struct.obj</name>
      </input_file>
      <input_file id="fl-2c">
         <path>.\source\</path>
         <kind>object</kind>
         <file>F2837xD_usDelay.obj</file>
         <name>F2837xD_usDelay.obj</name>
      </input_file>
      <input_file id="fl-2d">
         <path>.\symbol&amp;globe\</path>
         <kind>object</kind>
         <file>led.obj</file>
         <name>led.obj</name>
      </input_file>
      <input_file id="fl-2e">
         <path>.\sys_dynamic\</path>
         <kind>object</kind>
         <file>fly_sys.obj</file>
         <name>fly_sys.obj</name>
      </input_file>
      <input_file id="fl-2f">
         <path>.\sys_dynamic\</path>
         <kind>object</kind>
         <file>pre_start.obj</file>
         <name>pre_start.obj</name>
      </input_file>
      <input_file id="fl-30">
         <path>.\sys_dynamic\</path>
         <kind>object</kind>
         <file>pwm.obj</file>
         <name>pwm.obj</name>
      </input_file>
      <input_file id="fl-31">
         <path>.\sys_inside\</path>
         <kind>object</kind>
         <file>delay.obj</file>
         <name>delay.obj</name>
      </input_file>
      <input_file id="fl-32">
         <path>.\sys_inside\</path>
         <kind>object</kind>
         <file>exit.obj</file>
         <name>exit.obj</name>
      </input_file>
      <input_file id="fl-33">
         <path>.\sys_inside\</path>
         <kind>object</kind>
         <file>timer.obj</file>
         <name>timer.obj</name>
      </input_file>
      <input_file id="fl-39">
         <kind>object</kind>
         <file>&lt;internal&gt;</file>
         <name>&lt;internal&gt;</name>
      </input_file>
      <input_file id="fl-45">
         <path>C:\ti\ccs_8.1.0\ccsv8\tools\compiler\ti-cgt-c2000_18.1.2.LTS\lib\</path>
         <kind>archive</kind>
         <file>rts2800_fpu32.lib</file>
         <name>e_asinf.c.obj</name>
      </input_file>
      <input_file id="fl-46">
         <path>C:\ti\ccs_8.1.0\ccsv8\tools\compiler\ti-cgt-c2000_18.1.2.LTS\lib\</path>
         <kind>archive</kind>
         <file>rts2800_fpu32.lib</file>
         <name>e_atan2f.c.obj</name>
      </input_file>
      <input_file id="fl-47">
         <path>C:\ti\ccs_8.1.0\ccsv8\tools\compiler\ti-cgt-c2000_18.1.2.LTS\lib\</path>
         <kind>archive</kind>
         <file>rts2800_fpu32.lib</file>
         <name>e_sqrtf.c.obj</name>
      </input_file>
      <input_file id="fl-48">
         <path>C:\ti\ccs_8.1.0\ccsv8\tools\compiler\ti-cgt-c2000_18.1.2.LTS\lib\</path>
         <kind>archive</kind>
         <file>rts2800_fpu32.lib</file>
         <name>s_atanf.c.obj</name>
      </input_file>
      <input_file id="fl-49">
         <path>C:\ti\ccs_8.1.0\ccsv8\tools\compiler\ti-cgt-c2000_18.1.2.LTS\lib\</path>
         <kind>archive</kind>
         <file>rts2800_fpu32.lib</file>
         <name>s_cosf.c.obj</name>
      </input_file>
      <input_file id="fl-4a">
         <path>C:\ti\ccs_8.1.0\ccsv8\tools\compiler\ti-cgt-c2000_18.1.2.LTS\lib\</path>
         <kind>archive</kind>
         <file>rts2800_fpu32.lib</file>
         <name>s_tanf.c.obj</name>
      </input_file>
      <input_file id="fl-4b">
         <path>C:\ti\ccs_8.1.0\ccsv8\tools\compiler\ti-cgt-c2000_18.1.2.LTS\lib\</path>
         <kind>archive</kind>
         <file>rts2800_fpu32.lib</file>
         <name>boot28.asm.obj</name>
      </input_file>
      <input_file id="fl-4c">
         <path>C:\ti\ccs_8.1.0\ccsv8\tools\compiler\ti-cgt-c2000_18.1.2.LTS\lib\</path>
         <kind>archive</kind>
         <file>rts2800_fpu32.lib</file>
         <name>fd_add28.asm.obj</name>
      </input_file>
      <input_file id="fl-4d">
         <path>C:\ti\ccs_8.1.0\ccsv8\tools\compiler\ti-cgt-c2000_18.1.2.LTS\lib\</path>
         <kind>archive</kind>
         <file>rts2800_fpu32.lib</file>
         <name>fd_div28.asm.obj</name>
      </input_file>
      <input_file id="fl-4e">
         <path>C:\ti\ccs_8.1.0\ccsv8\tools\compiler\ti-cgt-c2000_18.1.2.LTS\lib\</path>
         <kind>archive</kind>
         <file>rts2800_fpu32.lib</file>
         <name>fd_mpy28.asm.obj</name>
      </input_file>
      <input_file id="fl-4f">
         <path>C:\ti\ccs_8.1.0\ccsv8\tools\compiler\ti-cgt-c2000_18.1.2.LTS\lib\</path>
         <kind>archive</kind>
         <file>rts2800_fpu32.lib</file>
         <name>fd_sub28.asm.obj</name>
      </input_file>
      <input_file id="fl-50">
         <path>C:\ti\ccs_8.1.0\ccsv8\tools\compiler\ti-cgt-c2000_18.1.2.LTS\lib\</path>
         <kind>archive</kind>
         <file>rts2800_fpu32.lib</file>
         <name>fd_tol28.asm.obj</name>
      </input_file>
      <input_file id="fl-51">
         <path>C:\ti\ccs_8.1.0\ccsv8\tools\compiler\ti-cgt-c2000_18.1.2.LTS\lib\</path>
         <kind>archive</kind>
         <file>rts2800_fpu32.lib</file>
         <name>fs_div28.asm.obj</name>
      </input_file>
      <input_file id="fl-52">
         <path>C:\ti\ccs_8.1.0\ccsv8\tools\compiler\ti-cgt-c2000_18.1.2.LTS\lib\</path>
         <kind>archive</kind>
         <file>rts2800_fpu32.lib</file>
         <name>ll_aox28.asm.obj</name>
      </input_file>
      <input_file id="fl-53">
         <path>C:\ti\ccs_8.1.0\ccsv8\tools\compiler\ti-cgt-c2000_18.1.2.LTS\lib\</path>
         <kind>archive</kind>
         <file>rts2800_fpu32.lib</file>
         <name>i_div28.asm.obj</name>
      </input_file>
      <input_file id="fl-54">
         <path>C:\ti\ccs_8.1.0\ccsv8\tools\compiler\ti-cgt-c2000_18.1.2.LTS\lib\</path>
         <kind>archive</kind>
         <file>rts2800_fpu32.lib</file>
         <name>u_div28.asm.obj</name>
      </input_file>
      <input_file id="fl-55">
         <path>C:\ti\ccs_8.1.0\ccsv8\tools\compiler\ti-cgt-c2000_18.1.2.LTS\lib\</path>
         <kind>archive</kind>
         <file>rts2800_fpu32.lib</file>
         <name>l_div28.asm.obj</name>
      </input_file>
      <input_file id="fl-56">
         <path>C:\ti\ccs_8.1.0\ccsv8\tools\compiler\ti-cgt-c2000_18.1.2.LTS\lib\</path>
         <kind>archive</kind>
         <file>rts2800_fpu32.lib</file>
         <name>ul_tofd28.asm.obj</name>
      </input_file>
      <input_file id="fl-57">
         <path>C:\ti\ccs_8.1.0\ccsv8\tools\compiler\ti-cgt-c2000_18.1.2.LTS\lib\</path>
         <kind>archive</kind>
         <file>rts2800_fpu32.lib</file>
         <name>fs_tofdfpu32.asm.obj</name>
      </input_file>
      <input_file id="fl-58">
         <path>C:\ti\ccs_8.1.0\ccsv8\tools\compiler\ti-cgt-c2000_18.1.2.LTS\lib\</path>
         <kind>archive</kind>
         <file>rts2800_fpu32.lib</file>
         <name>fd_tofsfpu32.asm.obj</name>
      </input_file>
      <input_file id="fl-59">
         <path>C:\ti\ccs_8.1.0\ccsv8\tools\compiler\ti-cgt-c2000_18.1.2.LTS\lib\</path>
         <kind>archive</kind>
         <file>rts2800_fpu32.lib</file>
         <name>cpy_tbl.c.obj</name>
      </input_file>
      <input_file id="fl-5a">
         <path>C:\ti\ccs_8.1.0\ccsv8\tools\compiler\ti-cgt-c2000_18.1.2.LTS\lib\</path>
         <kind>archive</kind>
         <file>rts2800_fpu32.lib</file>
         <name>memcpy.c.obj</name>
      </input_file>
      <input_file id="fl-5b">
         <path>C:\ti\ccs_8.1.0\ccsv8\tools\compiler\ti-cgt-c2000_18.1.2.LTS\lib\</path>
         <kind>archive</kind>
         <file>rts2800_fpu32.lib</file>
         <name>pre_init.c.obj</name>
      </input_file>
      <input_file id="fl-5c">
         <path>C:\ti\ccs_8.1.0\ccsv8\tools\compiler\ti-cgt-c2000_18.1.2.LTS\lib\</path>
         <kind>archive</kind>
         <file>rts2800_fpu32.lib</file>
         <name>startup.c.obj</name>
      </input_file>
      <input_file id="fl-5d">
         <path>C:\ti\ccs_8.1.0\ccsv8\tools\compiler\ti-cgt-c2000_18.1.2.LTS\lib\</path>
         <kind>archive</kind>
         <file>rts2800_fpu32.lib</file>
         <name>exit.c.obj</name>
      </input_file>
      <input_file id="fl-5e">
         <path>C:\ti\ccs_8.1.0\ccsv8\tools\compiler\ti-cgt-c2000_18.1.2.LTS\lib\</path>
         <kind>archive</kind>
         <file>rts2800_fpu32.lib</file>
         <name>_lock.c.obj</name>
      </input_file>
      <input_file id="fl-5f">
         <path>C:\ti\ccs_8.1.0\ccsv8\tools\compiler\ti-cgt-c2000_18.1.2.LTS\lib\</path>
         <kind>archive</kind>
         <file>rts2800_fpu32.lib</file>
         <name>args_main.c.obj</name>
      </input_file>
      <input_file id="fl-60">
         <path>C:\ti\ccs_8.1.0\ccsv8\tools\compiler\ti-cgt-c2000_18.1.2.LTS\lib\</path>
         <kind>archive</kind>
         <file>rts2800_fpu32.lib</file>
         <name>memset.c.obj</name>
      </input_file>
      <input_file id="fl-61">
         <path>C:\ti\ccs_8.1.0\ccsv8\tools\compiler\ti-cgt-c2000_18.1.2.LTS\lib\</path>
         <kind>archive</kind>
         <file>rts2800_fpu32.lib</file>
         <name>errno.c.obj</name>
      </input_file>
      <input_file id="fl-62">
         <path>C:\ti\ccs_8.1.0\ccsv8\tools\compiler\ti-cgt-c2000_18.1.2.LTS\lib\</path>
         <kind>archive</kind>
         <file>rts2800_fpu32.lib</file>
         <name>e_sqrt.c.obj</name>
      </input_file>
      <input_file id="fl-63">
         <path>C:\ti\ccs_8.1.0\ccsv8\tools\compiler\ti-cgt-c2000_18.1.2.LTS\lib\</path>
         <kind>archive</kind>
         <file>rts2800_fpu32.lib</file>
         <name>fd_cmp28.asm.obj</name>
      </input_file>
   </input_file_list>
   <object_component_list>
      <object_component id="oc-93">
         <name>.cinit</name>
         <load_address>0x82000</load_address>
         <run_address>0x82000</run_address>
         <size>0xc9</size>
         <input_file_ref idref="fl-4"/>
      </object_component>
      <object_component id="oc-1cd">
         <name>.cinit</name>
         <load_address>0x820c9</load_address>
         <run_address>0x820c9</run_address>
         <size>0x90</size>
         <input_file_ref idref="fl-2b"/>
      </object_component>
      <object_component id="oc-9a">
         <name>.cinit</name>
         <load_address>0x82159</load_address>
         <run_address>0x82159</run_address>
         <size>0x32</size>
         <input_file_ref idref="fl-5"/>
      </object_component>
      <object_component id="oc-c4">
         <name>.cinit</name>
         <load_address>0x8218b</load_address>
         <run_address>0x8218b</run_address>
         <size>0x1c</size>
         <input_file_ref idref="fl-b"/>
      </object_component>
      <object_component id="oc-1e2">
         <name>.cinit</name>
         <load_address>0x821a7</load_address>
         <run_address>0x821a7</run_address>
         <size>0x17</size>
         <input_file_ref idref="fl-2f"/>
      </object_component>
      <object_component id="oc-a7">
         <name>.cinit</name>
         <load_address>0x821be</load_address>
         <run_address>0x821be</run_address>
         <size>0x14</size>
         <input_file_ref idref="fl-7"/>
      </object_component>
      <object_component id="oc-d2">
         <name>.cinit</name>
         <load_address>0x821d2</load_address>
         <run_address>0x821d2</run_address>
         <size>0x10</size>
         <input_file_ref idref="fl-e"/>
      </object_component>
      <object_component id="oc-ae">
         <name>.cinit</name>
         <load_address>0x821e2</load_address>
         <run_address>0x821e2</run_address>
         <size>0xf</size>
         <input_file_ref idref="fl-8"/>
      </object_component>
      <object_component id="oc-280">
         <name>.cinit</name>
         <load_address>0x821f1</load_address>
         <run_address>0x821f1</run_address>
         <size>0xe</size>
         <input_file_ref idref="fl-5d"/>
      </object_component>
      <object_component id="oc-1db">
         <name>.cinit</name>
         <load_address>0x821ff</load_address>
         <run_address>0x821ff</run_address>
         <size>0x9</size>
         <input_file_ref idref="fl-2e"/>
      </object_component>
      <object_component id="oc-8c">
         <name>.cinit</name>
         <load_address>0x82208</load_address>
         <run_address>0x82208</run_address>
         <size>0x5</size>
         <input_file_ref idref="fl-3"/>
      </object_component>
      <object_component id="oc-2af">
         <name>.cinit:__lock</name>
         <load_address>0x8220d</load_address>
         <run_address>0x8220d</run_address>
         <size>0x5</size>
         <input_file_ref idref="fl-5e"/>
      </object_component>
      <object_component id="oc-2c0">
         <name>.cinit:__unlock</name>
         <load_address>0x82212</load_address>
         <run_address>0x82212</run_address>
         <size>0x5</size>
         <input_file_ref idref="fl-5e"/>
      </object_component>
      <object_component id="oc-1c1">
         <name>.cinit</name>
         <load_address>0x82217</load_address>
         <run_address>0x82217</run_address>
         <size>0x4</size>
         <input_file_ref idref="fl-29"/>
      </object_component>
      <object_component id="oc-1f4">
         <name>.cinit</name>
         <load_address>0x8221b</load_address>
         <run_address>0x8221b</run_address>
         <size>0x4</size>
         <input_file_ref idref="fl-32"/>
      </object_component>
      <object_component id="oc-85">
         <name>.cinit</name>
         <load_address>0x8221f</load_address>
         <run_address>0x8221f</run_address>
         <size>0x4</size>
         <input_file_ref idref="fl-2"/>
      </object_component>
      <object_component id="oc-b6">
         <name>.cinit</name>
         <load_address>0x82223</load_address>
         <run_address>0x82223</run_address>
         <size>0x4</size>
         <input_file_ref idref="fl-9"/>
      </object_component>
      <object_component id="oc-296">
         <name>.cinit</name>
         <load_address>0x82227</load_address>
         <run_address>0x82227</run_address>
         <size>0x4</size>
         <input_file_ref idref="fl-61"/>
      </object_component>
      <object_component id="oc-1fc">
         <name>.cinit</name>
         <load_address>0x8222b</load_address>
         <run_address>0x8222b</run_address>
         <size>0x4</size>
         <input_file_ref idref="fl-33"/>
      </object_component>
      <object_component id="oc-2ba">
         <name>.text</name>
         <load_address>0x82234</load_address>
         <run_address>0x82234</run_address>
         <size>0xf53</size>
         <input_file_ref idref="fl-4"/>
      </object_component>
      <object_component id="oc-2b8">
         <name>.text</name>
         <load_address>0x83187</load_address>
         <run_address>0x83187</run_address>
         <size>0xa46</size>
         <input_file_ref idref="fl-5"/>
      </object_component>
      <object_component id="oc-2bc">
         <name>.text</name>
         <load_address>0x83bcd</load_address>
         <run_address>0x83bcd</run_address>
         <size>0x347</size>
         <input_file_ref idref="fl-25"/>
      </object_component>
      <object_component id="oc-2c9">
         <name>.text</name>
         <load_address>0x83f14</load_address>
         <run_address>0x83f14</run_address>
         <size>0xd4</size>
         <input_file_ref idref="fl-46"/>
      </object_component>
      <object_component id="oc-248">
         <name>.text</name>
         <load_address>0x83fe8</load_address>
         <run_address>0x83fe8</run_address>
         <size>0x18</size>
         <input_file_ref idref="fl-52"/>
      </object_component>
      <object_component id="oc-2bb">
         <name>.text</name>
         <load_address>0x84000</load_address>
         <run_address>0x84000</run_address>
         <size>0x674</size>
         <input_file_ref idref="fl-3"/>
      </object_component>
      <object_component id="oc-ee">
         <name>.text:retain</name>
         <load_address>0x84674</load_address>
         <run_address>0x84674</run_address>
         <size>0x585</size>
         <input_file_ref idref="fl-13"/>
      </object_component>
      <object_component id="oc-2aa">
         <name>.text</name>
         <load_address>0x84bf9</load_address>
         <run_address>0x84bf9</run_address>
         <size>0x4f7</size>
         <input_file_ref idref="fl-7"/>
      </object_component>
      <object_component id="oc-2ab">
         <name>.text</name>
         <load_address>0x850f0</load_address>
         <run_address>0x850f0</run_address>
         <size>0x2b2</size>
         <input_file_ref idref="fl-2e"/>
      </object_component>
      <object_component id="oc-2c2">
         <name>.text</name>
         <load_address>0x853a2</load_address>
         <run_address>0x853a2</run_address>
         <size>0x244</size>
         <input_file_ref idref="fl-1a"/>
      </object_component>
      <object_component id="oc-2a9">
         <name>.text</name>
         <load_address>0x855e6</load_address>
         <run_address>0x855e6</run_address>
         <size>0x1e5</size>
         <input_file_ref idref="fl-9"/>
      </object_component>
      <object_component id="oc-2b7">
         <name>.text</name>
         <load_address>0x857cb</load_address>
         <run_address>0x857cb</run_address>
         <size>0x1ab</size>
         <input_file_ref idref="fl-e"/>
      </object_component>
      <object_component id="oc-2b6">
         <name>.text</name>
         <load_address>0x85976</load_address>
         <run_address>0x85976</run_address>
         <size>0x157</size>
         <input_file_ref idref="fl-8"/>
      </object_component>
      <object_component id="oc-b0">
         <name>.text:retain</name>
         <load_address>0x85acd</load_address>
         <run_address>0x85acd</run_address>
         <size>0x14e</size>
         <input_file_ref idref="fl-8"/>
      </object_component>
      <object_component id="oc-2c1">
         <name>.text</name>
         <load_address>0x85c1b</load_address>
         <run_address>0x85c1b</run_address>
         <size>0xfd</size>
         <input_file_ref idref="fl-16"/>
      </object_component>
      <object_component id="oc-2b2">
         <name>.text</name>
         <load_address>0x85d18</load_address>
         <run_address>0x85d18</run_address>
         <size>0xf9</size>
         <input_file_ref idref="fl-a"/>
      </object_component>
      <object_component id="oc-2c7">
         <name>.text</name>
         <load_address>0x85e11</load_address>
         <run_address>0x85e11</run_address>
         <size>0xf1</size>
         <input_file_ref idref="fl-45"/>
      </object_component>
      <object_component id="oc-2d0">
         <name>.text</name>
         <load_address>0x85f02</load_address>
         <run_address>0x85f02</run_address>
         <size>0xcb</size>
         <input_file_ref idref="fl-48"/>
      </object_component>
      <object_component id="oc-29f">
         <name>.text</name>
         <load_address>0x85fcd</load_address>
         <run_address>0x85fcd</run_address>
         <size>0x2a</size>
         <input_file_ref idref="fl-63"/>
      </object_component>
      <object_component id="oc-2bf">
         <name>.text</name>
         <load_address>0x85ff7</load_address>
         <run_address>0x85ff7</run_address>
         <size>0x9</size>
         <input_file_ref idref="fl-5e"/>
      </object_component>
      <object_component id="oc-2b1">
         <name>.text</name>
         <load_address>0x8603c</load_address>
         <run_address>0x8603c</run_address>
         <size>0xc8</size>
         <input_file_ref idref="fl-30"/>
      </object_component>
      <object_component id="oc-2b0">
         <name>.text</name>
         <load_address>0x86104</load_address>
         <run_address>0x86104</run_address>
         <size>0xae</size>
         <input_file_ref idref="fl-6"/>
      </object_component>
      <object_component id="oc-22a">
         <name>.text</name>
         <load_address>0x861b2</load_address>
         <run_address>0x861b2</run_address>
         <size>0x9c</size>
         <input_file_ref idref="fl-4c"/>
      </object_component>
      <object_component id="oc-2b9">
         <name>.text</name>
         <load_address>0x8624e</load_address>
         <run_address>0x8624e</run_address>
         <size>0x97</size>
         <input_file_ref idref="fl-2f"/>
      </object_component>
      <object_component id="oc-2a6">
         <name>.text</name>
         <load_address>0x862e5</load_address>
         <run_address>0x862e5</run_address>
         <size>0x1</size>
         <input_file_ref idref="fl-5c"/>
      </object_component>
      <object_component id="oc-2cf">
         <name>.text</name>
         <load_address>0x862e6</load_address>
         <run_address>0x862e6</run_address>
         <size>0x91</size>
         <input_file_ref idref="fl-62"/>
      </object_component>
      <object_component id="oc-22f">
         <name>.text</name>
         <load_address>0x86377</load_address>
         <run_address>0x86377</run_address>
         <size>0x8b</size>
         <input_file_ref idref="fl-4d"/>
      </object_component>
      <object_component id="oc-243">
         <name>.text</name>
         <load_address>0x86402</load_address>
         <run_address>0x86402</run_address>
         <size>0x88</size>
         <input_file_ref idref="fl-51"/>
      </object_component>
      <object_component id="oc-234">
         <name>.text</name>
         <load_address>0x8648a</load_address>
         <run_address>0x8648a</run_address>
         <size>0x83</size>
         <input_file_ref idref="fl-4e"/>
      </object_component>
      <object_component id="oc-2c3">
         <name>.text</name>
         <load_address>0x8650d</load_address>
         <run_address>0x8650d</run_address>
         <size>0x7c</size>
         <input_file_ref idref="fl-11"/>
      </object_component>
      <object_component id="oc-2b5">
         <name>.text</name>
         <load_address>0x86589</load_address>
         <run_address>0x86589</run_address>
         <size>0x7b</size>
         <input_file_ref idref="fl-c"/>
      </object_component>
      <object_component id="oc-2c4">
         <name>.text</name>
         <load_address>0x86604</load_address>
         <run_address>0x86604</run_address>
         <size>0x7a</size>
         <input_file_ref idref="fl-31"/>
      </object_component>
      <object_component id="oc-be">
         <name>.text:retain</name>
         <load_address>0x8667e</load_address>
         <run_address>0x8667e</run_address>
         <size>0x6d</size>
         <input_file_ref idref="fl-a"/>
      </object_component>
      <object_component id="oc-2c6">
         <name>.text</name>
         <load_address>0x866eb</load_address>
         <run_address>0x866eb</run_address>
         <size>0x61</size>
         <input_file_ref idref="fl-49"/>
      </object_component>
      <object_component id="oc-2c5">
         <name>.text</name>
         <load_address>0x8674c</load_address>
         <run_address>0x8674c</run_address>
         <size>0x61</size>
         <input_file_ref idref="fl-4a"/>
      </object_component>
      <object_component id="oc-1fe">
         <name>.text:retain</name>
         <load_address>0x867ad</load_address>
         <run_address>0x867ad</run_address>
         <size>0x57</size>
         <input_file_ref idref="fl-33"/>
      </object_component>
      <object_component id="oc-83">
         <name>.text</name>
         <load_address>0x86804</load_address>
         <run_address>0x86804</run_address>
         <size>0x56</size>
         <input_file_ref idref="fl-4b"/>
      </object_component>
      <object_component id="oc-2b3">
         <name>.text</name>
         <load_address>0x8685a</load_address>
         <run_address>0x8685a</run_address>
         <size>0x44</size>
         <input_file_ref idref="fl-33"/>
      </object_component>
      <object_component id="oc-2b4">
         <name>.text</name>
         <load_address>0x8689e</load_address>
         <run_address>0x8689e</run_address>
         <size>0x39</size>
         <input_file_ref idref="fl-2d"/>
      </object_component>
      <object_component id="oc-257">
         <name>.text</name>
         <load_address>0x868d7</load_address>
         <run_address>0x868d7</run_address>
         <size>0x2a</size>
         <input_file_ref idref="fl-55"/>
      </object_component>
      <object_component id="oc-2a8">
         <name>.text</name>
         <load_address>0x86901</load_address>
         <run_address>0x86901</run_address>
         <size>0x29</size>
         <input_file_ref idref="fl-5d"/>
      </object_component>
      <object_component id="oc-2bd">
         <name>.text</name>
         <load_address>0x8692a</load_address>
         <run_address>0x8692a</run_address>
         <size>0x28</size>
         <input_file_ref idref="fl-21"/>
      </object_component>
      <object_component id="oc-2be">
         <name>.text</name>
         <load_address>0x86952</load_address>
         <run_address>0x86952</run_address>
         <size>0x26</size>
         <input_file_ref idref="fl-22"/>
      </object_component>
      <object_component id="oc-2c8">
         <name>.text</name>
         <load_address>0x86978</load_address>
         <run_address>0x86978</run_address>
         <size>0x26</size>
         <input_file_ref idref="fl-47"/>
      </object_component>
      <object_component id="oc-2a5">
         <name>.text</name>
         <load_address>0x8699e</load_address>
         <run_address>0x8699e</run_address>
         <size>0x24</size>
         <input_file_ref idref="fl-59"/>
      </object_component>
      <object_component id="oc-266">
         <name>.text</name>
         <load_address>0x869c2</load_address>
         <run_address>0x869c2</run_address>
         <size>0x23</size>
         <input_file_ref idref="fl-58"/>
      </object_component>
      <object_component id="oc-24d">
         <name>.text</name>
         <load_address>0x869e5</load_address>
         <run_address>0x869e5</run_address>
         <size>0x22</size>
         <input_file_ref idref="fl-53"/>
      </object_component>
      <object_component id="oc-1f6">
         <name>.text:retain</name>
         <load_address>0x86a07</load_address>
         <run_address>0x86a07</run_address>
         <size>0x20</size>
         <input_file_ref idref="fl-32"/>
      </object_component>
      <object_component id="oc-23e">
         <name>.text</name>
         <load_address>0x86a27</load_address>
         <run_address>0x86a27</run_address>
         <size>0x1f</size>
         <input_file_ref idref="fl-50"/>
      </object_component>
      <object_component id="oc-2ac">
         <name>.text</name>
         <load_address>0x86a46</load_address>
         <run_address>0x86a46</run_address>
         <size>0x1e</size>
         <input_file_ref idref="fl-5a"/>
      </object_component>
      <object_component id="oc-261">
         <name>.text</name>
         <load_address>0x86a64</load_address>
         <run_address>0x86a64</run_address>
         <size>0x1c</size>
         <input_file_ref idref="fl-57"/>
      </object_component>
      <object_component id="oc-2a7">
         <name>.text</name>
         <load_address>0x86a80</load_address>
         <run_address>0x86a80</run_address>
         <size>0x19</size>
         <input_file_ref idref="fl-5f"/>
      </object_component>
      <object_component id="oc-25c">
         <name>.text</name>
         <load_address>0x86a99</load_address>
         <run_address>0x86a99</run_address>
         <size>0x16</size>
         <input_file_ref idref="fl-56"/>
      </object_component>
      <object_component id="oc-2ad">
         <name>.text</name>
         <load_address>0x86aaf</load_address>
         <run_address>0x86aaf</run_address>
         <size>0x13</size>
         <input_file_ref idref="fl-2"/>
      </object_component>
      <object_component id="oc-239">
         <name>.text</name>
         <load_address>0x86ac2</load_address>
         <run_address>0x86ac2</run_address>
         <size>0xe</size>
         <input_file_ref idref="fl-4f"/>
      </object_component>
      <object_component id="oc-252">
         <name>.text</name>
         <load_address>0x86ad0</load_address>
         <run_address>0x86ad0</run_address>
         <size>0xb</size>
         <input_file_ref idref="fl-54"/>
      </object_component>
      <object_component id="oc-e8">
         <name>.text</name>
         <load_address>0x86adb</load_address>
         <run_address>0x86adb</run_address>
         <size>0x3</size>
         <input_file_ref idref="fl-12"/>
      </object_component>
      <object_component id="oc-2a4">
         <name>.text</name>
         <load_address>0x86ade</load_address>
         <run_address>0x86ade</run_address>
         <size>0x2</size>
         <input_file_ref idref="fl-5b"/>
      </object_component>
      <object_component id="oc-dd">
         <name>codestart</name>
         <load_address>0x80000</load_address>
         <run_address>0x80000</run_address>
         <size>0x2</size>
         <input_file_ref idref="fl-10"/>
      </object_component>
      <object_component id="oc-2cc">
         <name>.TI.ramfunc</name>
         <load_address>0x86000</load_address>
         <run_address>0x8000</run_address>
         <size>0x37</size>
         <input_file_ref idref="fl-25"/>
      </object_component>
      <object_component id="oc-1d0">
         <name>.TI.ramfunc</name>
         <load_address>0x86037</load_address>
         <run_address>0x8037</run_address>
         <size>0x4</size>
         <input_file_ref idref="fl-2c"/>
      </object_component>
      <object_component id="oc-224">
         <name>.stack</name>
         <uninitialized>true</uninitialized>
         <run_address>0x400</run_address>
         <size>0x0</size>
         <input_file_ref idref="fl-4b"/>
      </object_component>
      <object_component id="oc-35c">
         <name>.stack</name>
         <uninitialized>true</uninitialized>
         <run_address>0x400</run_address>
         <size>0x0</size>
      </object_component>
      <object_component id="oc-1dc">
         <name>.ebss</name>
         <uninitialized>true</uninitialized>
         <run_address>0xa800</run_address>
         <size>0x5c4</size>
         <input_file_ref idref="fl-2e"/>
      </object_component>
      <object_component id="oc-c5">
         <name>.ebss</name>
         <uninitialized>true</uninitialized>
         <run_address>0xadc4</run_address>
         <size>0x2b</size>
         <input_file_ref idref="fl-b"/>
      </object_component>
      <object_component id="oc-1c2">
         <name>.ebss</name>
         <uninitialized>true</uninitialized>
         <run_address>0xadef</run_address>
         <size>0x1</size>
         <input_file_ref idref="fl-29"/>
      </object_component>
      <object_component id="oc-1e3">
         <name>.ebss</name>
         <uninitialized>true</uninitialized>
         <run_address>0xadf0</run_address>
         <size>0xa</size>
         <input_file_ref idref="fl-2f"/>
      </object_component>
      <object_component id="oc-1b1">
         <name>.ebss</name>
         <uninitialized>true</uninitialized>
         <run_address>0xadfa</run_address>
         <size>0x6</size>
         <input_file_ref idref="fl-26"/>
      </object_component>
      <object_component id="oc-9b">
         <name>.ebss</name>
         <uninitialized>true</uninitialized>
         <run_address>0xae00</run_address>
         <size>0x128</size>
         <input_file_ref idref="fl-5"/>
      </object_component>
      <object_component id="oc-e3">
         <name>.ebss</name>
         <uninitialized>true</uninitialized>
         <run_address>0xaf28</run_address>
         <size>0x18</size>
         <input_file_ref idref="fl-11"/>
      </object_component>
      <object_component id="oc-d3">
         <name>.ebss</name>
         <uninitialized>true</uninitialized>
         <run_address>0xaf40</run_address>
         <size>0x86</size>
         <input_file_ref idref="fl-e"/>
      </object_component>
      <object_component id="oc-bd">
         <name>.ebss</name>
         <uninitialized>true</uninitialized>
         <run_address>0xafc6</run_address>
         <size>0x20</size>
         <input_file_ref idref="fl-a"/>
      </object_component>
      <object_component id="oc-b7">
         <name>.ebss</name>
         <uninitialized>true</uninitialized>
         <run_address>0xafe6</run_address>
         <size>0x6</size>
         <input_file_ref idref="fl-9"/>
      </object_component>
      <object_component id="oc-281">
         <name>.ebss</name>
         <uninitialized>true</uninitialized>
         <run_address>0xafec</run_address>
         <size>0x6</size>
         <input_file_ref idref="fl-5d"/>
      </object_component>
      <object_component id="oc-8d">
         <name>.ebss</name>
         <uninitialized>true</uninitialized>
         <run_address>0xaff2</run_address>
         <size>0x2</size>
         <input_file_ref idref="fl-3"/>
      </object_component>
      <object_component id="oc-2ae">
         <name>.ebss:__lock</name>
         <uninitialized>true</uninitialized>
         <run_address>0xaff4</run_address>
         <size>0x2</size>
         <input_file_ref idref="fl-5e"/>
      </object_component>
      <object_component id="oc-2ce">
         <name>.ebss:__unlock</name>
         <uninitialized>true</uninitialized>
         <run_address>0xaff6</run_address>
         <size>0x2</size>
         <input_file_ref idref="fl-5e"/>
      </object_component>
      <object_component id="oc-a1">
         <name>.ebss</name>
         <uninitialized>true</uninitialized>
         <run_address>0xaff8</run_address>
         <size>0x2</size>
         <input_file_ref idref="fl-6"/>
      </object_component>
      <object_component id="oc-1fd">
         <name>.ebss</name>
         <uninitialized>true</uninitialized>
         <run_address>0xaffa</run_address>
         <size>0x2</size>
         <input_file_ref idref="fl-33"/>
      </object_component>
      <object_component id="oc-1f5">
         <name>.ebss</name>
         <uninitialized>true</uninitialized>
         <run_address>0xaffc</run_address>
         <size>0x1</size>
         <input_file_ref idref="fl-32"/>
      </object_component>
      <object_component id="oc-86">
         <name>.ebss</name>
         <uninitialized>true</uninitialized>
         <run_address>0xaffd</run_address>
         <size>0x1</size>
         <input_file_ref idref="fl-2"/>
      </object_component>
      <object_component id="oc-297">
         <name>.ebss</name>
         <uninitialized>true</uninitialized>
         <run_address>0xaffe</run_address>
         <size>0x1</size>
         <input_file_ref idref="fl-61"/>
      </object_component>
      <object_component id="oc-af">
         <name>.ebss</name>
         <uninitialized>true</uninitialized>
         <run_address>0xc000</run_address>
         <size>0x240</size>
         <input_file_ref idref="fl-8"/>
      </object_component>
      <object_component id="oc-94">
         <name>.ebss</name>
         <uninitialized>true</uninitialized>
         <run_address>0xc240</run_address>
         <size>0xf6</size>
         <input_file_ref idref="fl-4"/>
      </object_component>
      <object_component id="oc-1ce">
         <name>.ebss</name>
         <uninitialized>true</uninitialized>
         <run_address>0xc340</run_address>
         <size>0x78</size>
         <input_file_ref idref="fl-2b"/>
      </object_component>
      <object_component id="oc-a8">
         <name>.ebss</name>
         <uninitialized>true</uninitialized>
         <run_address>0xc3c0</run_address>
         <size>0x72</size>
         <input_file_ref idref="fl-7"/>
      </object_component>
      <object_component id="oc-2cd">
         <name>.econst:_PieVectTableInit</name>
         <load_address>0x90000</load_address>
         <run_address>0x90000</run_address>
         <size>0x1c0</size>
         <input_file_ref idref="fl-22"/>
      </object_component>
      <object_component id="oc-2ca">
         <name>.econst:_KalmanFilter_Unit</name>
         <load_address>0x901c0</load_address>
         <run_address>0x901c0</run_address>
         <size>0x2a</size>
         <input_file_ref idref="fl-4"/>
      </object_component>
      <object_component id="oc-204">
         <name>.econst</name>
         <load_address>0x901ea</load_address>
         <run_address>0x901ea</run_address>
         <size>0x14</size>
         <input_file_ref idref="fl-45"/>
      </object_component>
      <object_component id="oc-1ee">
         <name>.econst</name>
         <load_address>0x901fe</load_address>
         <run_address>0x901fe</run_address>
         <size>0xc</size>
         <input_file_ref idref="fl-31"/>
      </object_component>
      <object_component id="oc-20a">
         <name>.econst</name>
         <load_address>0x9020a</load_address>
         <run_address>0x9020a</run_address>
         <size>0xc</size>
         <input_file_ref idref="fl-46"/>
      </object_component>
      <object_component id="oc-29a">
         <name>.econst</name>
         <load_address>0x90216</load_address>
         <run_address>0x90216</run_address>
         <size>0xc</size>
         <input_file_ref idref="fl-62"/>
      </object_component>
      <object_component id="oc-2d3">
         <name>.econst:_aT</name>
         <load_address>0x90222</load_address>
         <run_address>0x90222</run_address>
         <size>0xa</size>
         <input_file_ref idref="fl-48"/>
      </object_component>
      <object_component id="oc-2d1">
         <name>.econst:_atanhi</name>
         <load_address>0x9022c</load_address>
         <run_address>0x9022c</run_address>
         <size>0x8</size>
         <input_file_ref idref="fl-48"/>
      </object_component>
      <object_component id="oc-2d2">
         <name>.econst:_atanlo</name>
         <load_address>0x90234</load_address>
         <run_address>0x90234</run_address>
         <size>0x8</size>
         <input_file_ref idref="fl-48"/>
      </object_component>
      <object_component id="oc-2cb">
         <name>.econst:_$P$T0$35</name>
         <load_address>0x9023c</load_address>
         <run_address>0x9023c</run_address>
         <size>0x6</size>
         <input_file_ref idref="fl-4"/>
      </object_component>
      <object_component id="oc-215">
         <name>.econst</name>
         <load_address>0x90242</load_address>
         <run_address>0x90242</run_address>
         <size>0x4</size>
         <input_file_ref idref="fl-48"/>
      </object_component>
      <object_component id="oc-225">
         <name>.reset</name>
         <load_address>0x3fffc0</load_address>
         <run_address>0x3fffc0</run_address>
         <size>0x2</size>
         <input_file_ref idref="fl-4b"/>
      </object_component>
      <object_component id="oc-185">
         <name>PUTBUFFER</name>
         <uninitialized>true</uninitialized>
         <run_address>0x3fc00</run_address>
         <size>0x80</size>
         <input_file_ref idref="fl-1d"/>
      </object_component>
      <object_component id="oc-182">
         <name>PUTWRITEIDX</name>
         <uninitialized>true</uninitialized>
         <run_address>0x3fc80</run_address>
         <size>0x4</size>
         <input_file_ref idref="fl-1d"/>
      </object_component>
      <object_component id="oc-184">
         <name>GETREADIDX</name>
         <uninitialized>true</uninitialized>
         <run_address>0x3fc84</run_address>
         <size>0x4</size>
         <input_file_ref idref="fl-1d"/>
      </object_component>
      <object_component id="oc-186">
         <name>GETBUFFER</name>
         <uninitialized>true</uninitialized>
         <run_address>0x3f800</run_address>
         <size>0x80</size>
         <input_file_ref idref="fl-1d"/>
      </object_component>
      <object_component id="oc-181">
         <name>GETWRITEIDX</name>
         <uninitialized>true</uninitialized>
         <run_address>0x3f880</run_address>
         <size>0x4</size>
         <input_file_ref idref="fl-1d"/>
      </object_component>
      <object_component id="oc-183">
         <name>PUTREADIDX</name>
         <uninitialized>true</uninitialized>
         <run_address>0x3f884</run_address>
         <size>0x4</size>
         <input_file_ref idref="fl-1d"/>
      </object_component>
      <object_component id="oc-16f">
         <name>PieVectTableFile</name>
         <uninitialized>true</uninitialized>
         <run_address>0xd00</run_address>
         <size>0x1c0</size>
         <input_file_ref idref="fl-19"/>
      </object_component>
      <object_component id="oc-10e">
         <name>EmuKeyVar</name>
         <uninitialized>true</uninitialized>
         <run_address>0xd00</run_address>
         <size>0x1</size>
         <input_file_ref idref="fl-19"/>
      </object_component>
      <object_component id="oc-10d">
         <name>EmuBModeVar</name>
         <uninitialized>true</uninitialized>
         <run_address>0xd01</run_address>
         <size>0x1</size>
         <input_file_ref idref="fl-19"/>
      </object_component>
      <object_component id="oc-125">
         <name>AdcaResultFile</name>
         <uninitialized>true</uninitialized>
         <run_address>0xb00</run_address>
         <size>0x18</size>
         <input_file_ref idref="fl-19"/>
      </object_component>
      <object_component id="oc-126">
         <name>AdcbResultFile</name>
         <uninitialized>true</uninitialized>
         <run_address>0xb20</run_address>
         <size>0x18</size>
         <input_file_ref idref="fl-19"/>
      </object_component>
      <object_component id="oc-124">
         <name>AdccResultFile</name>
         <uninitialized>true</uninitialized>
         <run_address>0xb40</run_address>
         <size>0x18</size>
         <input_file_ref idref="fl-19"/>
      </object_component>
      <object_component id="oc-127">
         <name>AdcdResultFile</name>
         <uninitialized>true</uninitialized>
         <run_address>0xb60</run_address>
         <size>0x18</size>
         <input_file_ref idref="fl-19"/>
      </object_component>
      <object_component id="oc-15a">
         <name>AdcaRegsFile</name>
         <uninitialized>true</uninitialized>
         <run_address>0x7400</run_address>
         <size>0x80</size>
         <input_file_ref idref="fl-19"/>
      </object_component>
      <object_component id="oc-157">
         <name>AdcbRegsFile</name>
         <uninitialized>true</uninitialized>
         <run_address>0x7480</run_address>
         <size>0x80</size>
         <input_file_ref idref="fl-19"/>
      </object_component>
      <object_component id="oc-156">
         <name>AdccRegsFile</name>
         <uninitialized>true</uninitialized>
         <run_address>0x7500</run_address>
         <size>0x80</size>
         <input_file_ref idref="fl-19"/>
      </object_component>
      <object_component id="oc-15b">
         <name>AdcdRegsFile</name>
         <uninitialized>true</uninitialized>
         <run_address>0x7580</run_address>
         <size>0x80</size>
         <input_file_ref idref="fl-19"/>
      </object_component>
      <object_component id="oc-151">
         <name>AnalogSubsysRegsFile</name>
         <uninitialized>true</uninitialized>
         <run_address>0x5d180</run_address>
         <size>0x48</size>
         <input_file_ref idref="fl-19"/>
      </object_component>
      <object_component id="oc-16b">
         <name>CanaRegsFile</name>
         <uninitialized>true</uninitialized>
         <run_address>0x48000</run_address>
         <size>0x164</size>
         <input_file_ref idref="fl-19"/>
      </object_component>
      <object_component id="oc-16c">
         <name>CanbRegsFile</name>
         <uninitialized>true</uninitialized>
         <run_address>0x4a000</run_address>
         <size>0x164</size>
         <input_file_ref idref="fl-19"/>
      </object_component>
      <object_component id="oc-14c">
         <name>Cla1RegsFile</name>
         <uninitialized>true</uninitialized>
         <run_address>0x1400</run_address>
         <size>0x3e</size>
         <input_file_ref idref="fl-19"/>
      </object_component>
      <object_component id="oc-112">
         <name>Cla1SoftIntRegsFile</name>
         <uninitialized>true</uninitialized>
         <run_address>0xce0</run_address>
         <size>0x4</size>
         <input_file_ref idref="fl-19"/>
      </object_component>
      <object_component id="oc-138">
         <name>Cmpss1RegsFile</name>
         <uninitialized>true</uninitialized>
         <run_address>0x5c80</run_address>
         <size>0x20</size>
         <input_file_ref idref="fl-19"/>
      </object_component>
      <object_component id="oc-137">
         <name>Cmpss2RegsFile</name>
         <uninitialized>true</uninitialized>
         <run_address>0x5ca0</run_address>
         <size>0x20</size>
         <input_file_ref idref="fl-19"/>
      </object_component>
      <object_component id="oc-13a">
         <name>Cmpss3RegsFile</name>
         <uninitialized>true</uninitialized>
         <run_address>0x5cc0</run_address>
         <size>0x20</size>
         <input_file_ref idref="fl-19"/>
      </object_component>
      <object_component id="oc-139">
         <name>Cmpss4RegsFile</name>
         <uninitialized>true</uninitialized>
         <run_address>0x5ce0</run_address>
         <size>0x20</size>
         <input_file_ref idref="fl-19"/>
      </object_component>
      <object_component id="oc-134">
         <name>Cmpss5RegsFile</name>
         <uninitialized>true</uninitialized>
         <run_address>0x5d00</run_address>
         <size>0x20</size>
         <input_file_ref idref="fl-19"/>
      </object_component>
      <object_component id="oc-133">
         <name>Cmpss6RegsFile</name>
         <uninitialized>true</uninitialized>
         <run_address>0x5d20</run_address>
         <size>0x20</size>
         <input_file_ref idref="fl-19"/>
      </object_component>
      <object_component id="oc-136">
         <name>Cmpss7RegsFile</name>
         <uninitialized>true</uninitialized>
         <run_address>0x5d40</run_address>
         <size>0x20</size>
         <input_file_ref idref="fl-19"/>
      </object_component>
      <object_component id="oc-135">
         <name>Cmpss8RegsFile</name>
         <uninitialized>true</uninitialized>
         <run_address>0x5d60</run_address>
         <size>0x20</size>
         <input_file_ref idref="fl-19"/>
      </object_component>
      <object_component id="oc-116">
         <name>CpuTimer0RegsFile</name>
         <uninitialized>true</uninitialized>
         <run_address>0xc00</run_address>
         <size>0x8</size>
         <input_file_ref idref="fl-19"/>
      </object_component>
      <object_component id="oc-119">
         <name>CpuTimer1RegsFile</name>
         <uninitialized>true</uninitialized>
         <run_address>0xc08</run_address>
         <size>0x8</size>
         <input_file_ref idref="fl-19"/>
      </object_component>
      <object_component id="oc-118">
         <name>CpuTimer2RegsFile</name>
         <uninitialized>true</uninitialized>
         <run_address>0xc10</run_address>
         <size>0x8</size>
         <input_file_ref idref="fl-19"/>
      </object_component>
      <object_component id="oc-117">
         <name>DacaRegsFile</name>
         <uninitialized>true</uninitialized>
         <run_address>0x5c00</run_address>
         <size>0x8</size>
         <input_file_ref idref="fl-19"/>
      </object_component>
      <object_component id="oc-11a">
         <name>DacbRegsFile</name>
         <uninitialized>true</uninitialized>
         <run_address>0x5c10</run_address>
         <size>0x8</size>
         <input_file_ref idref="fl-19"/>
      </object_component>
      <object_component id="oc-115">
         <name>DaccRegsFile</name>
         <uninitialized>true</uninitialized>
         <run_address>0x5c20</run_address>
         <size>0x8</size>
         <input_file_ref idref="fl-19"/>
      </object_component>
      <object_component id="oc-145">
         <name>DcsmZ1RegsFile</name>
         <uninitialized>true</uninitialized>
         <run_address>0x5f000</run_address>
         <size>0x24</size>
         <input_file_ref idref="fl-19"/>
      </object_component>
      <object_component id="oc-144">
         <name>DcsmZ2RegsFile</name>
         <uninitialized>true</uninitialized>
         <run_address>0x5f040</run_address>
         <size>0x24</size>
         <input_file_ref idref="fl-19"/>
      </object_component>
      <object_component id="oc-11b">
         <name>DcsmCommonRegsFile</name>
         <uninitialized>true</uninitialized>
         <run_address>0x5f070</run_address>
         <size>0x8</size>
         <input_file_ref idref="fl-19"/>
      </object_component>
      <object_component id="oc-13d">
         <name>DcsmZ1OtpFile</name>
         <uninitialized>true</uninitialized>
         <run_address>0x78000</run_address>
         <size>0x20</size>
         <input_file_ref idref="fl-19"/>
      </object_component>
      <object_component id="oc-13b">
         <name>DcsmZ2OtpFile</name>
         <uninitialized>true</uninitialized>
         <run_address>0x78200</run_address>
         <size>0x20</size>
         <input_file_ref idref="fl-19"/>
      </object_component>
      <object_component id="oc-15d">
         <name>DmaRegsFile</name>
         <uninitialized>true</uninitialized>
         <run_address>0x1000</run_address>
         <size>0xe0</size>
         <input_file_ref idref="fl-19"/>
      </object_component>
      <object_component id="oc-129">
         <name>DmaClaSrcSelRegsFile</name>
         <uninitialized>true</uninitialized>
         <run_address>0x7980</run_address>
         <size>0x1a</size>
         <input_file_ref idref="fl-19"/>
      </object_component>
      <object_component id="oc-13c">
         <name>ECap1RegsFile</name>
         <uninitialized>true</uninitialized>
         <run_address>0x5000</run_address>
         <size>0x20</size>
         <input_file_ref idref="fl-19"/>
      </object_component>
      <object_component id="oc-12c">
         <name>ECap2RegsFile</name>
         <uninitialized>true</uninitialized>
         <run_address>0x5020</run_address>
         <size>0x20</size>
         <input_file_ref idref="fl-19"/>
      </object_component>
      <object_component id="oc-132">
         <name>ECap3RegsFile</name>
         <uninitialized>true</uninitialized>
         <run_address>0x5040</run_address>
         <size>0x20</size>
         <input_file_ref idref="fl-19"/>
      </object_component>
      <object_component id="oc-12a">
         <name>ECap4RegsFile</name>
         <uninitialized>true</uninitialized>
         <run_address>0x5060</run_address>
         <size>0x20</size>
         <input_file_ref idref="fl-19"/>
      </object_component>
      <object_component id="oc-12b">
         <name>ECap5RegsFile</name>
         <uninitialized>true</uninitialized>
         <run_address>0x5080</run_address>
         <size>0x20</size>
         <input_file_ref idref="fl-19"/>
      </object_component>
      <object_component id="oc-131">
         <name>ECap6RegsFile</name>
         <uninitialized>true</uninitialized>
         <run_address>0x50a0</run_address>
         <size>0x20</size>
         <input_file_ref idref="fl-19"/>
      </object_component>
      <object_component id="oc-153">
         <name>Emif1RegsFile</name>
         <uninitialized>true</uninitialized>
         <run_address>0x47000</run_address>
         <size>0x70</size>
         <input_file_ref idref="fl-19"/>
      </object_component>
      <object_component id="oc-154">
         <name>Emif2RegsFile</name>
         <uninitialized>true</uninitialized>
         <run_address>0x47800</run_address>
         <size>0x70</size>
         <input_file_ref idref="fl-19"/>
      </object_component>
      <object_component id="oc-162">
         <name>EPwm1RegsFile</name>
         <uninitialized>true</uninitialized>
         <run_address>0x4000</run_address>
         <size>0x100</size>
         <input_file_ref idref="fl-19"/>
      </object_component>
      <object_component id="oc-161">
         <name>EPwm2RegsFile</name>
         <uninitialized>true</uninitialized>
         <run_address>0x4100</run_address>
         <size>0x100</size>
         <input_file_ref idref="fl-19"/>
      </object_component>
      <object_component id="oc-164">
         <name>EPwm3RegsFile</name>
         <uninitialized>true</uninitialized>
         <run_address>0x4200</run_address>
         <size>0x100</size>
         <input_file_ref idref="fl-19"/>
      </object_component>
      <object_component id="oc-15f">
         <name>EPwm4RegsFile</name>
         <uninitialized>true</uninitialized>
         <run_address>0x4300</run_address>
         <size>0x100</size>
         <input_file_ref idref="fl-19"/>
      </object_component>
      <object_component id="oc-15e">
         <name>EPwm5RegsFile</name>
         <uninitialized>true</uninitialized>
         <run_address>0x4400</run_address>
         <size>0x100</size>
         <input_file_ref idref="fl-19"/>
      </object_component>
      <object_component id="oc-163">
         <name>EPwm6RegsFile</name>
         <uninitialized>true</uninitialized>
         <run_address>0x4500</run_address>
         <size>0x100</size>
         <input_file_ref idref="fl-19"/>
      </object_component>
      <object_component id="oc-160">
         <name>EPwm7RegsFile</name>
         <uninitialized>true</uninitialized>
         <run_address>0x4600</run_address>
         <size>0x100</size>
         <input_file_ref idref="fl-19"/>
      </object_component>
      <object_component id="oc-169">
         <name>EPwm8RegsFile</name>
         <uninitialized>true</uninitialized>
         <run_address>0x4700</run_address>
         <size>0x100</size>
         <input_file_ref idref="fl-19"/>
      </object_component>
      <object_component id="oc-167">
         <name>EPwm9RegsFile</name>
         <uninitialized>true</uninitialized>
         <run_address>0x4800</run_address>
         <size>0x100</size>
         <input_file_ref idref="fl-19"/>
      </object_component>
      <object_component id="oc-168">
         <name>EPwm10RegsFile</name>
         <uninitialized>true</uninitialized>
         <run_address>0x4900</run_address>
         <size>0x100</size>
         <input_file_ref idref="fl-19"/>
      </object_component>
      <object_component id="oc-165">
         <name>EPwm11RegsFile</name>
         <uninitialized>true</uninitialized>
         <run_address>0x4a00</run_address>
         <size>0x100</size>
         <input_file_ref idref="fl-19"/>
      </object_component>
      <object_component id="oc-166">
         <name>EPwm12RegsFile</name>
         <uninitialized>true</uninitialized>
         <run_address>0x4b00</run_address>
         <size>0x100</size>
         <input_file_ref idref="fl-19"/>
      </object_component>
      <object_component id="oc-14f">
         <name>EPwmXbarRegsFile</name>
         <uninitialized>true</uninitialized>
         <run_address>0x7a00</run_address>
         <size>0x40</size>
         <input_file_ref idref="fl-19"/>
      </object_component>
      <object_component id="oc-13e">
         <name>EQep1RegsFile</name>
         <uninitialized>true</uninitialized>
         <run_address>0x5100</run_address>
         <size>0x22</size>
         <input_file_ref idref="fl-19"/>
      </object_component>
      <object_component id="oc-13f">
         <name>EQep2RegsFile</name>
         <uninitialized>true</uninitialized>
         <run_address>0x5140</run_address>
         <size>0x22</size>
         <input_file_ref idref="fl-19"/>
      </object_component>
      <object_component id="oc-141">
         <name>EQep3RegsFile</name>
         <uninitialized>true</uninitialized>
         <run_address>0x5180</run_address>
         <size>0x22</size>
         <input_file_ref idref="fl-19"/>
      </object_component>
      <object_component id="oc-16e">
         <name>Flash0CtrlRegsFile</name>
         <uninitialized>true</uninitialized>
         <run_address>0x5f800</run_address>
         <size>0x182</size>
         <input_file_ref idref="fl-19"/>
      </object_component>
      <object_component id="oc-148">
         <name>Flash0EccRegsFile</name>
         <uninitialized>true</uninitialized>
         <run_address>0x5fb00</run_address>
         <size>0x28</size>
         <input_file_ref idref="fl-19"/>
      </object_component>
      <object_component id="oc-16d">
         <name>GpioCtrlRegsFile</name>
         <uninitialized>true</uninitialized>
         <run_address>0x7c00</run_address>
         <size>0x180</size>
         <input_file_ref idref="fl-19"/>
      </object_component>
      <object_component id="oc-14a">
         <name>GpioDataRegsFile</name>
         <uninitialized>true</uninitialized>
         <run_address>0x7f00</run_address>
         <size>0x30</size>
         <input_file_ref idref="fl-19"/>
      </object_component>
      <object_component id="oc-150">
         <name>OutputXbarRegsFile</name>
         <uninitialized>true</uninitialized>
         <run_address>0x7a80</run_address>
         <size>0x40</size>
         <input_file_ref idref="fl-19"/>
      </object_component>
      <object_component id="oc-142">
         <name>I2caRegsFile</name>
         <uninitialized>true</uninitialized>
         <run_address>0x7300</run_address>
         <size>0x22</size>
         <input_file_ref idref="fl-19"/>
      </object_component>
      <object_component id="oc-140">
         <name>I2cbRegsFile</name>
         <uninitialized>true</uninitialized>
         <run_address>0x7340</run_address>
         <size>0x22</size>
         <input_file_ref idref="fl-19"/>
      </object_component>
      <object_component id="oc-12f">
         <name>InputXbarRegsFile</name>
         <uninitialized>true</uninitialized>
         <run_address>0x7900</run_address>
         <size>0x20</size>
         <input_file_ref idref="fl-19"/>
      </object_component>
      <object_component id="oc-12d">
         <name>XbarRegsFile</name>
         <uninitialized>true</uninitialized>
         <run_address>0x7920</run_address>
         <size>0x20</size>
         <input_file_ref idref="fl-19"/>
      </object_component>
      <object_component id="oc-143">
         <name>IpcRegsFile</name>
         <uninitialized>true</uninitialized>
         <run_address>0x50000</run_address>
         <size>0x24</size>
         <input_file_ref idref="fl-19"/>
      </object_component>
      <object_component id="oc-110">
         <name>FlashPumpSemaphoreRegsFile</name>
         <uninitialized>true</uninitialized>
         <run_address>0x50024</run_address>
         <size>0x2</size>
         <input_file_ref idref="fl-19"/>
      </object_component>
      <object_component id="oc-10f">
         <name>RomPrefetchRegsFile</name>
         <uninitialized>true</uninitialized>
         <run_address>0x5e608</run_address>
         <size>0x2</size>
         <input_file_ref idref="fl-19"/>
      </object_component>
      <object_component id="oc-158">
         <name>MemCfgRegsFile</name>
         <uninitialized>true</uninitialized>
         <run_address>0x5f400</run_address>
         <size>0x80</size>
         <input_file_ref idref="fl-19"/>
      </object_component>
      <object_component id="oc-12e">
         <name>Emif1ConfigRegsFile</name>
         <uninitialized>true</uninitialized>
         <run_address>0x5f480</run_address>
         <size>0x20</size>
         <input_file_ref idref="fl-19"/>
      </object_component>
      <object_component id="oc-130">
         <name>Emif2ConfigRegsFile</name>
         <uninitialized>true</uninitialized>
         <run_address>0x5f4a0</run_address>
         <size>0x20</size>
         <input_file_ref idref="fl-19"/>
      </object_component>
      <object_component id="oc-14e">
         <name>AccessProtectionRegsFile</name>
         <uninitialized>true</uninitialized>
         <run_address>0x5f4c0</run_address>
         <size>0x40</size>
         <input_file_ref idref="fl-19"/>
      </object_component>
      <object_component id="oc-14d">
         <name>MemoryErrorRegsFile</name>
         <uninitialized>true</uninitialized>
         <run_address>0x5f500</run_address>
         <size>0x40</size>
         <input_file_ref idref="fl-19"/>
      </object_component>
      <object_component id="oc-111">
         <name>RomWaitStateRegsFile</name>
         <uninitialized>true</uninitialized>
         <run_address>0x5f540</run_address>
         <size>0x2</size>
         <input_file_ref idref="fl-19"/>
      </object_component>
      <object_component id="oc-146">
         <name>McbspaRegsFile</name>
         <uninitialized>true</uninitialized>
         <run_address>0x6000</run_address>
         <size>0x24</size>
         <input_file_ref idref="fl-19"/>
      </object_component>
      <object_component id="oc-147">
         <name>McbspbRegsFile</name>
         <uninitialized>true</uninitialized>
         <run_address>0x6040</run_address>
         <size>0x24</size>
         <input_file_ref idref="fl-19"/>
      </object_component>
      <object_component id="oc-152">
         <name>UppRegsFile</name>
         <uninitialized>true</uninitialized>
         <run_address>0x6200</run_address>
         <size>0x48</size>
         <input_file_ref idref="fl-19"/>
      </object_component>
      <object_component id="oc-114">
         <name>NmiIntruptRegsFile</name>
         <uninitialized>true</uninitialized>
         <run_address>0x7060</run_address>
         <size>0x7</size>
         <input_file_ref idref="fl-19"/>
      </object_component>
      <object_component id="oc-128">
         <name>PieCtrlRegsFile</name>
         <uninitialized>true</uninitialized>
         <run_address>0xce0</run_address>
         <size>0x1a</size>
         <input_file_ref idref="fl-19"/>
      </object_component>
      <object_component id="oc-11e">
         <name>SciaRegsFile</name>
         <uninitialized>true</uninitialized>
         <run_address>0x7200</run_address>
         <size>0x10</size>
         <input_file_ref idref="fl-19"/>
      </object_component>
      <object_component id="oc-11d">
         <name>ScibRegsFile</name>
         <uninitialized>true</uninitialized>
         <run_address>0x7210</run_address>
         <size>0x10</size>
         <input_file_ref idref="fl-19"/>
      </object_component>
      <object_component id="oc-120">
         <name>ScicRegsFile</name>
         <uninitialized>true</uninitialized>
         <run_address>0x7220</run_address>
         <size>0x10</size>
         <input_file_ref idref="fl-19"/>
      </object_component>
      <object_component id="oc-121">
         <name>ScidRegsFile</name>
         <uninitialized>true</uninitialized>
         <run_address>0x7230</run_address>
         <size>0x10</size>
         <input_file_ref idref="fl-19"/>
      </object_component>
      <object_component id="oc-159">
         <name>Sdfm1RegsFile</name>
         <uninitialized>true</uninitialized>
         <run_address>0x5e00</run_address>
         <size>0x80</size>
         <input_file_ref idref="fl-19"/>
      </object_component>
      <object_component id="oc-155">
         <name>Sdfm2RegsFile</name>
         <uninitialized>true</uninitialized>
         <run_address>0x5e80</run_address>
         <size>0x80</size>
         <input_file_ref idref="fl-19"/>
      </object_component>
      <object_component id="oc-123">
         <name>SpiaRegsFile</name>
         <uninitialized>true</uninitialized>
         <run_address>0x6100</run_address>
         <size>0x10</size>
         <input_file_ref idref="fl-19"/>
      </object_component>
      <object_component id="oc-122">
         <name>SpibRegsFile</name>
         <uninitialized>true</uninitialized>
         <run_address>0x6110</run_address>
         <size>0x10</size>
         <input_file_ref idref="fl-19"/>
      </object_component>
      <object_component id="oc-11f">
         <name>SpicRegsFile</name>
         <uninitialized>true</uninitialized>
         <run_address>0x6120</run_address>
         <size>0x10</size>
         <input_file_ref idref="fl-19"/>
      </object_component>
      <object_component id="oc-16a">
         <name>DevCfgRegsFile</name>
         <uninitialized>true</uninitialized>
         <run_address>0x5d000</run_address>
         <size>0x12e</size>
         <input_file_ref idref="fl-19"/>
      </object_component>
      <object_component id="oc-14b">
         <name>ClkCfgRegsFile</name>
         <uninitialized>true</uninitialized>
         <run_address>0x5d200</run_address>
         <size>0x32</size>
         <input_file_ref idref="fl-19"/>
      </object_component>
      <object_component id="oc-15c">
         <name>CpuSysRegsFile</name>
         <uninitialized>true</uninitialized>
         <run_address>0x5d300</run_address>
         <size>0x82</size>
         <input_file_ref idref="fl-19"/>
      </object_component>
      <object_component id="oc-113">
         <name>SyncSocRegsFile</name>
         <uninitialized>true</uninitialized>
         <run_address>0x7940</run_address>
         <size>0x6</size>
         <input_file_ref idref="fl-19"/>
      </object_component>
      <object_component id="oc-149">
         <name>WdRegsFile</name>
         <uninitialized>true</uninitialized>
         <run_address>0x7000</run_address>
         <size>0x2b</size>
         <input_file_ref idref="fl-19"/>
      </object_component>
      <object_component id="oc-11c">
         <name>XintRegsFile</name>
         <uninitialized>true</uninitialized>
         <run_address>0x7070</run_address>
         <size>0xb</size>
         <input_file_ref idref="fl-19"/>
      </object_component>
      <object_component id="oc-84">
         <name>.debug_info</name>
         <load_address>0x0</load_address>
         <run_address>0x0</run_address>
         <size>0x4b1</size>
         <input_file_ref idref="fl-2"/>
      </object_component>
      <object_component id="oc-8b">
         <name>.debug_info</name>
         <load_address>0x4b1</load_address>
         <run_address>0x4b1</run_address>
         <size>0x1efe</size>
         <input_file_ref idref="fl-3"/>
      </object_component>
      <object_component id="oc-92">
         <name>.debug_info</name>
         <load_address>0x23af</load_address>
         <run_address>0x23af</run_address>
         <size>0x28b6</size>
         <input_file_ref idref="fl-4"/>
      </object_component>
      <object_component id="oc-99">
         <name>.debug_info</name>
         <load_address>0x4c65</load_address>
         <run_address>0x4c65</run_address>
         <size>0x1e9f</size>
         <input_file_ref idref="fl-5"/>
      </object_component>
      <object_component id="oc-a0">
         <name>.debug_info</name>
         <load_address>0x6b04</load_address>
         <run_address>0x6b04</run_address>
         <size>0x8b0</size>
         <input_file_ref idref="fl-6"/>
      </object_component>
      <object_component id="oc-a6">
         <name>.debug_info</name>
         <load_address>0x73b4</load_address>
         <run_address>0x73b4</run_address>
         <size>0x6891</size>
         <input_file_ref idref="fl-7"/>
      </object_component>
      <object_component id="oc-ad">
         <name>.debug_info</name>
         <load_address>0xdc45</load_address>
         <run_address>0xdc45</run_address>
         <size>0x9380</size>
         <input_file_ref idref="fl-8"/>
      </object_component>
      <object_component id="oc-b5">
         <name>.debug_info</name>
         <load_address>0x16fc5</load_address>
         <run_address>0x16fc5</run_address>
         <size>0x64d3</size>
         <input_file_ref idref="fl-9"/>
      </object_component>
      <object_component id="oc-bc">
         <name>.debug_info</name>
         <load_address>0x1d498</load_address>
         <run_address>0x1d498</run_address>
         <size>0x15c20</size>
         <input_file_ref idref="fl-a"/>
      </object_component>
      <object_component id="oc-c3">
         <name>.debug_info</name>
         <load_address>0x330b8</load_address>
         <run_address>0x330b8</run_address>
         <size>0xbcd</size>
         <input_file_ref idref="fl-b"/>
      </object_component>
      <object_component id="oc-ca">
         <name>.debug_info</name>
         <load_address>0x33c85</load_address>
         <run_address>0x33c85</run_address>
         <size>0x1008c</size>
         <input_file_ref idref="fl-c"/>
      </object_component>
      <object_component id="oc-cf">
         <name>.debug_info</name>
         <load_address>0x43d11</load_address>
         <run_address>0x43d11</run_address>
         <size>0x184</size>
         <input_file_ref idref="fl-d"/>
      </object_component>
      <object_component id="oc-d1">
         <name>.debug_info</name>
         <load_address>0x43e95</load_address>
         <run_address>0x43e95</run_address>
         <size>0x11d6</size>
         <input_file_ref idref="fl-e"/>
      </object_component>
      <object_component id="oc-d8">
         <name>.debug_info</name>
         <load_address>0x4506b</load_address>
         <run_address>0x4506b</run_address>
         <size>0x4647</size>
         <input_file_ref idref="fl-f"/>
      </object_component>
      <object_component id="oc-de">
         <name>.debug_info</name>
         <load_address>0x496b2</load_address>
         <run_address>0x496b2</run_address>
         <size>0xfd</size>
         <input_file_ref idref="fl-10"/>
      </object_component>
      <object_component id="oc-e2">
         <name>.debug_info</name>
         <load_address>0x497af</load_address>
         <run_address>0x497af</run_address>
         <size>0x9cc</size>
         <input_file_ref idref="fl-11"/>
      </object_component>
      <object_component id="oc-e9">
[...]
         <name>_OriginalYaw</name>
         <value>0xa9a0</value>
         <object_component_ref idref="oc-1dc"/>
      </symbol>
      <symbol id="sm-793">
         <name>_Fly</name>
         <value>0x85138</value>
         <object_component_ref idref="oc-2ab"/>
      </symbol>
      <symbol id="sm-794">
         <name>_Test_M</name>
         <value>0xa80c</value>
         <object_component_ref idref="oc-1dc"/>
      </symbol>
      <symbol id="sm-795">
         <name>_OriginalFlowX</name>
         <value>0xa990</value>
         <object_component_ref idref="oc-1dc"/>
      </symbol>
      <symbol id="sm-796">
         <name>_OriginalFlowY</name>
         <value>0xa9c0</value>
         <object_component_ref idref="oc-1dc"/>
      </symbol>
      <symbol id="sm-797">
         <name>_Box</name>
         <value>0xad40</value>
         <object_component_ref idref="oc-1dc"/>
      </symbol>
      <symbol id="sm-798">
         <name>_OriginalRollRate</name>
         <value>0xa880</value>
         <object_component_ref idref="oc-1dc"/>
      </symbol>
      <symbol id="sm-799">
         <name>_STATE_CLK</name>
         <value>0xa802</value>
         <object_component_ref idref="oc-1dc"/>
      </symbol>
      <symbol id="sm-79a">
         <name>_Command_Uint</name>
         <value>0xa870</value>
         <object_component_ref idref="oc-1dc"/>
      </symbol>
      <symbol id="sm-79b">
         <name>_Sensor_Info</name>
         <value>0xa970</value>
         <object_component_ref idref="oc-1dc"/>
      </symbol>
      <symbol id="sm-79c">
         <name>_FlightControl</name>
         <value>0xa80f</value>
         <object_component_ref idref="oc-1dc"/>
      </symbol>
      <symbol id="sm-79d">
         <name>_OriginalVelY</name>
         <value>0xa8b0</value>
         <object_component_ref idref="oc-1dc"/>
      </symbol>
      <symbol id="sm-79e">
         <name>_OriginalVelX</name>
         <value>0xa8e0</value>
         <object_component_ref idref="oc-1dc"/>
      </symbol>
      <symbol id="sm-79f">
         <name>_OriginalVelZ</name>
         <value>0xa8c0</value>
         <object_component_ref idref="oc-1dc"/>
      </symbol>
      <symbol id="sm-7a0">
         <name>_RecivePCData</name>
         <value>0xa910</value>
         <object_component_ref idref="oc-1dc"/>
      </symbol>
      <symbol id="sm-7a1">
         <name>_System_all</name>
         <value>0x8511a</value>
         <object_component_ref idref="oc-2ab"/>
      </symbol>
      <symbol id="sm-7a2">
         <name>_Process_PCData</name>
         <value>0x852e8</value>
         <object_component_ref idref="oc-2ab"/>
      </symbol>
      <symbol id="sm-7a3">
         <name>_QuadrotorPara_Init</name>
         <value>0x852fe</value>
         <object_component_ref idref="oc-2ab"/>
      </symbol>
      <symbol id="sm-7a4">
         <name>_OriginalPosY</name>
         <value>0xa930</value>
         <object_component_ref idref="oc-1dc"/>
      </symbol>
      <symbol id="sm-7a5">
         <name>_OriginalPosX</name>
         <value>0xa920</value>
         <object_component_ref idref="oc-1dc"/>
      </symbol>
      <symbol id="sm-7a6">
         <name>_OriginalPosZ</name>
         <value>0xa8a0</value>
         <object_component_ref idref="oc-1dc"/>
      </symbol>
      <symbol id="sm-7a7">
         <name>_MPU_Info</name>
         <value>0xa858</value>
         <object_component_ref idref="oc-1dc"/>
      </symbol>
      <symbol id="sm-7a8">
         <name>_g_Eular</name>
         <value>0xa81e</value>
         <object_component_ref idref="oc-1dc"/>
      </symbol>
      <symbol id="sm-7a9">
         <name>_OriginalFlowVelY</name>
         <value>0xa960</value>
         <object_component_ref idref="oc-1dc"/>
      </symbol>
      <symbol id="sm-7aa">
         <name>_OriginalFlowVelX</name>
         <value>0xa9b0</value>
         <object_component_ref idref="oc-1dc"/>
      </symbol>
      <symbol id="sm-7ab">
         <name>_Target_Info</name>
         <value>0xa9e0</value>
         <object_component_ref idref="oc-1dc"/>
      </symbol>
      <symbol id="sm-7ac">
         <name>_OriginalHeight</name>
         <value>0xa980</value>
         <object_component_ref idref="oc-1dc"/>
      </symbol>
      <symbol id="sm-7ad">
         <name>_OffsetData</name>
         <value>0xaa00</value>
         <object_component_ref idref="oc-1dc"/>
      </symbol>
      <symbol id="sm-7ae">
         <name>_Throttle_Info</name>
         <value>0xa813</value>
         <object_component_ref idref="oc-1dc"/>
      </symbol>
      <symbol id="sm-7af">
         <name>_C_mode</name>
         <value>0xa800</value>
         <object_component_ref idref="oc-1dc"/>
      </symbol>
      <symbol id="sm-7b0">
         <name>_RockerControl</name>
         <value>0xa824</value>
         <object_component_ref idref="oc-1dc"/>
      </symbol>
      <symbol id="sm-7b1">
         <name>_Data_Combine</name>
         <value>0x8516c</value>
         <object_component_ref idref="oc-2ab"/>
      </symbol>
      <symbol id="sm-7b2">
         <name>_OriginalPitchRate</name>
         <value>0xa8d0</value>
         <object_component_ref idref="oc-1dc"/>
      </symbol>
      <symbol id="sm-7b3">
         <name>_Test_Mission</name>
         <value>0x8530c</value>
         <object_component_ref idref="oc-2ab"/>
      </symbol>
      <symbol id="sm-7b4">
         <name>_Start_up</name>
         <value>0x85159</value>
         <object_component_ref idref="oc-2ab"/>
      </symbol>
      <symbol id="sm-7b5">
         <name>_temp2</name>
         <value>0xa804</value>
         <object_component_ref idref="oc-1dc"/>
      </symbol>
      <symbol id="sm-7b6">
         <name>_STATE_CLK_ALL</name>
         <value>0xa801</value>
         <object_component_ref idref="oc-1dc"/>
      </symbol>
      <symbol id="sm-7b7">
         <name>_Data_Handle</name>
         <value>0x85155</value>
         <object_component_ref idref="oc-2ab"/>
      </symbol>
      <symbol id="sm-7b8">
         <name>_OriginalRoll</name>
         <value>0xa900</value>
         <object_component_ref idref="oc-1dc"/>
      </symbol>
      <symbol id="sm-7b9">
         <name>_XAxis</name>
         <value>0xab40</value>
         <object_component_ref idref="oc-1dc"/>
      </symbol>
      <symbol id="sm-7ba">
         <name>_Fixed_Mission</name>
         <value>0x85314</value>
         <object_component_ref idref="oc-2ab"/>
      </symbol>
      <symbol id="sm-7bb">
         <name>_ReceiveData</name>
         <value>0x85297</value>
         <object_component_ref idref="oc-2ab"/>
      </symbol>
      <symbol id="sm-7bc">
         <name>_Data_Combine_2</name>
         <value>0x8518a</value>
         <object_component_ref idref="oc-2ab"/>
      </symbol>
      <symbol id="sm-7bd">
         <name>_STATE_3</name>
         <value>0xa806</value>
         <object_component_ref idref="oc-1dc"/>
      </symbol>
      <symbol id="sm-7be">
         <name>_STATE_2</name>
         <value>0xa805</value>
         <object_component_ref idref="oc-1dc"/>
      </symbol>
      <symbol id="sm-7bf">
         <name>_YAxis</name>
         <value>0xac40</value>
         <object_component_ref idref="oc-1dc"/>
      </symbol>
      <symbol id="sm-7c0">
         <name>_OriginalPitch</name>
         <value>0xa8f0</value>
         <object_component_ref idref="oc-1dc"/>
      </symbol>
      <symbol id="sm-7c1">
         <name>_ReciveMvData</name>
         <value>0xa940</value>
         <object_component_ref idref="oc-1dc"/>
      </symbol>
      <symbol id="sm-7c2">
         <name>_PID_ParaInfo</name>
         <value>0xacc0</value>
         <object_component_ref idref="oc-1dc"/>
      </symbol>
      <symbol id="sm-7d7">
         <name>_Preparationtime</name>
         <value>0xadf0</value>
         <object_component_ref idref="oc-1e3"/>
      </symbol>
      <symbol id="sm-7d8">
         <name>_StartFly</name>
         <value>0xadf1</value>
         <object_component_ref idref="oc-1e3"/>
      </symbol>
      <symbol id="sm-7d9">
         <name>_PreparationPitch</name>
         <value>0xadf4</value>
         <object_component_ref idref="oc-1e3"/>
      </symbol>
      <symbol id="sm-7da">
         <name>_PreparationYaw</name>
         <value>0xadf6</value>
         <object_component_ref idref="oc-1e3"/>
      </symbol>
      <symbol id="sm-7db">
         <name>_Pre_fly</name>
         <value>0x8624e</value>
         <object_component_ref idref="oc-2b9"/>
      </symbol>
      <symbol id="sm-7dc">
         <name>_Flying</name>
         <value>0xadf3</value>
         <object_component_ref idref="oc-1e3"/>
      </symbol>
      <symbol id="sm-7dd">
         <name>_PreparationFlag</name>
         <value>0xadf2</value>
         <object_component_ref idref="oc-1e3"/>
      </symbol>
      <symbol id="sm-7de">
         <name>_PreparationRoll</name>
         <value>0xadf8</value>
         <object_component_ref idref="oc-1e3"/>
      </symbol>
      <symbol id="sm-7ea">
         <name>_InitEPwm2Example</name>
         <value>0x86076</value>
         <object_component_ref idref="oc-2b1"/>
      </symbol>
      <symbol id="sm-7eb">
         <name>_PWM_OUTPUT</name>
         <value>0x860bf</value>
         <object_component_ref idref="oc-2b1"/>
      </symbol>
      <symbol id="sm-7ec">
         <name>_InitEPwm1Example</name>
         <value>0x8603c</value>
         <object_component_ref idref="oc-2b1"/>
      </symbol>
      <symbol id="sm-7ed">
         <name>_C28x_BSP_Epwm_Init</name>
         <value>0x860b0</value>
         <object_component_ref idref="oc-2b1"/>
      </symbol>
      <symbol id="sm-7fe">
         <name>_Delay_us</name>
         <value>0x86646</value>
         <object_component_ref idref="oc-2c4"/>
      </symbol>
      <symbol id="sm-7ff">
         <name>_Delay_ms</name>
         <value>0x86604</value>
         <object_component_ref idref="oc-2c4"/>
      </symbol>
      <symbol id="sm-80f">
         <name>_xint1_isr</name>
         <value>0x86a07</value>
         <object_component_ref idref="oc-1f6"/>
      </symbol>
      <symbol id="sm-810">
         <name>_MPU_sta</name>
         <value>0xaffc</value>
         <object_component_ref idref="oc-1f5"/>
      </symbol>
      <symbol id="sm-825">
         <name>_cpu_timer1_isr</name>
         <value>0x867e6</value>
         <object_component_ref idref="oc-1fe"/>
      </symbol>
      <symbol id="sm-826">
         <name>_cpu_timer0_isr</name>
         <value>0x867ad</value>
         <object_component_ref idref="oc-1fe"/>
      </symbol>
      <symbol id="sm-827">
         <name>_Timer_Init</name>
         <value>0x8685a</value>
         <object_component_ref idref="oc-2b3"/>
      </symbol>
      <symbol id="sm-828">
         <name>_Timer_Control</name>
         <value>0x8688e</value>
         <object_component_ref idref="oc-2b3"/>
      </symbol>
      <symbol id="sm-829">
         <name>_temp4</name>
         <value>0xaffa</value>
         <object_component_ref idref="oc-1fd"/>
      </symbol>
      <symbol id="sm-82a">
         <name>_Led_flag</name>
         <value>0xaffb</value>
         <object_component_ref idref="oc-1fd"/>
      </symbol>
      <symbol id="sm-846">
         <name>_asin</name>
         <value>0x85e11</value>
         <object_component_ref idref="oc-2c7"/>
      </symbol>
      <symbol id="sm-847">
         <name>_asinf</name>
         <value>0x85e11</value>
         <object_component_ref idref="oc-2c7"/>
      </symbol>
      <symbol id="sm-876">
         <name>_atan2f</name>
         <value>0x83f14</value>
         <object_component_ref idref="oc-2c9"/>
      </symbol>
      <symbol id="sm-877">
         <name>_atan2</name>
         <value>0x83f14</value>
         <object_component_ref idref="oc-2c9"/>
      </symbol>
      <symbol id="sm-887">
         <name>_sqrtf</name>
         <value>0x86978</value>
         <object_component_ref idref="oc-2c8"/>
      </symbol>
      <symbol id="sm-888">
         <name>_sqrt</name>
         <value>0x86978</value>
         <object_component_ref idref="oc-2c8"/>
      </symbol>
      <symbol id="sm-8ad">
         <name>_atan</name>
         <value>0x85f02</value>
         <object_component_ref idref="oc-2d0"/>
      </symbol>
      <symbol id="sm-8ae">
         <name>_atanf</name>
         <value>0x85f02</value>
         <object_component_ref idref="oc-2d0"/>
      </symbol>
      <symbol id="sm-8bc">
         <name>_cos</name>
         <value>0x866eb</value>
         <object_component_ref idref="oc-2c6"/>
      </symbol>
      <symbol id="sm-8bd">
         <name>_cosf</name>
         <value>0x866eb</value>
         <object_component_ref idref="oc-2c6"/>
      </symbol>
      <symbol id="sm-8cc">
         <name>_tanf</name>
         <value>0x8674c</value>
         <object_component_ref idref="oc-2c5"/>
      </symbol>
      <symbol id="sm-8cd">
         <name>_tan</name>
         <value>0x8674c</value>
         <object_component_ref idref="oc-2c5"/>
      </symbol>
      <symbol id="sm-8e8">
         <name>_c_int00</name>
         <value>0x86804</value>
         <object_component_ref idref="oc-83"/>
      </symbol>
      <symbol id="sm-8e9">
         <name>__stack</name>
         <value>0x400</value>
         <object_component_ref idref="oc-224"/>
      </symbol>
      <symbol id="sm-904">
         <name>FD$$ADD</name>
         <value>0x861b2</value>
         <object_component_ref idref="oc-22a"/>
      </symbol>
      <symbol id="sm-91b">
         <name>FD$$DIV</name>
         <value>0x86377</value>
         <object_component_ref idref="oc-22f"/>
      </symbol>
      <symbol id="sm-92d">
         <name>FD$$MPY</name>
         <value>0x8648a</value>
         <object_component_ref idref="oc-234"/>
      </symbol>
      <symbol id="sm-939">
         <name>FD$$SUB</name>
         <value>0x86ac2</value>
         <object_component_ref idref="oc-239"/>
      </symbol>
      <symbol id="sm-948">
         <name>FD$$TOL</name>
         <value>0x86a27</value>
         <object_component_ref idref="oc-23e"/>
      </symbol>
      <symbol id="sm-959">
         <name>FS$$DIV</name>
         <value>0x86402</value>
         <object_component_ref idref="oc-243"/>
      </symbol>
      <symbol id="sm-965">
         <name>LL$$AND</name>
         <value>0x83fe8</value>
         <object_component_ref idref="oc-248"/>
      </symbol>
      <symbol id="sm-966">
         <name>LL$$OR</name>
         <value>0x83ff0</value>
         <object_component_ref idref="oc-248"/>
      </symbol>
      <symbol id="sm-967">
         <name>LL$$XOR</name>
         <value>0x83ff8</value>
         <object_component_ref idref="oc-248"/>
      </symbol>
      <symbol id="sm-975">
         <name>I$$MOD</name>
         <value>0x869f6</value>
         <object_component_ref idref="oc-24d"/>
      </symbol>
      <symbol id="sm-976">
         <name>I$$DIV</name>
         <value>0x869e5</value>
         <object_component_ref idref="oc-24d"/>
      </symbol>
      <symbol id="sm-982">
         <name>U$$MOD</name>
         <value>0x86ad5</value>
         <object_component_ref idref="oc-252"/>
      </symbol>
      <symbol id="sm-983">
         <name>U$$DIV</name>
         <value>0x86ad0</value>
         <object_component_ref idref="oc-252"/>
      </symbol>
      <symbol id="sm-98f">
         <name>UL$$MOD</name>
         <value>0x868fb</value>
         <object_component_ref idref="oc-257"/>
      </symbol>
      <symbol id="sm-990">
         <name>L$$MOD</name>
         <value>0x868e6</value>
         <object_component_ref idref="oc-257"/>
      </symbol>
      <symbol id="sm-991">
         <name>L$$DIV</name>
         <value>0x868d7</value>
         <object_component_ref idref="oc-257"/>
      </symbol>
      <symbol id="sm-992">
         <name>UL$$DIV</name>
         <value>0x868f4</value>
         <object_component_ref idref="oc-257"/>
      </symbol>
      <symbol id="sm-9a3">
         <name>UL$$TOFD</name>
         <value>0x86a99</value>
         <object_component_ref idref="oc-25c"/>
      </symbol>
      <symbol id="sm-9b3">
         <name>FS$$TOFD</name>
         <value>0x86a64</value>
         <object_component_ref idref="oc-261"/>
      </symbol>
      <symbol id="sm-9c3">
         <name>FD$$TOFS</name>
         <value>0x869c2</value>
         <object_component_ref idref="oc-266"/>
      </symbol>
      <symbol id="sm-9d2">
         <name>_copy_in</name>
         <value>0x8699e</value>
         <object_component_ref idref="oc-2a5"/>
      </symbol>
      <symbol id="sm-9e3">
         <name>_memcpy</name>
         <value>0x86a46</value>
         <object_component_ref idref="oc-2ac"/>
      </symbol>
      <symbol id="sm-9ef">
         <name>__system_pre_init</name>
         <value>0x86ade</value>
         <object_component_ref idref="oc-2a4"/>
      </symbol>
      <symbol id="sm-9fc">
         <name>__system_post_cinit</name>
         <value>0x862e5</value>
         <object_component_ref idref="oc-2a6"/>
      </symbol>
      <symbol id="sm-a10">
         <name>C$$EXIT</name>
         <value>0x86901</value>
         <object_component_ref idref="oc-2a8"/>
      </symbol>
      <symbol id="sm-a11">
         <name>_exit</name>
         <value>0x86903</value>
         <object_component_ref idref="oc-2a8"/>
      </symbol>
      <symbol id="sm-a12">
         <name>___TI_cleanup_ptr</name>
         <value>0xafee</value>
         <object_component_ref idref="oc-281"/>
      </symbol>
      <symbol id="sm-a13">
         <name>___TI_enable_exit_profile_output</name>
         <value>0xafec</value>
         <object_component_ref idref="oc-281"/>
      </symbol>
      <symbol id="sm-a14">
         <name>_abort</name>
         <value>0x86901</value>
         <object_component_ref idref="oc-2a8"/>
      </symbol>
      <symbol id="sm-a15">
         <name>___TI_dtors_ptr</name>
         <value>0xaff0</value>
         <object_component_ref idref="oc-281"/>
      </symbol>
      <symbol id="sm-a29">
         <name>__unlock</name>
         <value>0xaff6</value>
         <object_component_ref idref="oc-2ce"/>
      </symbol>
      <symbol id="sm-a2a">
         <name>__lock</name>
         <value>0xaff4</value>
         <object_component_ref idref="oc-2ae"/>
      </symbol>
      <symbol id="sm-a2b">
         <name>__register_lock</name>
         <value>0x85ffb</value>
         <object_component_ref idref="oc-2bf"/>
      </symbol>
      <symbol id="sm-a2c">
         <name>__nop</name>
         <value>0x85fff</value>
         <object_component_ref idref="oc-2bf"/>
      </symbol>
      <symbol id="sm-a2d">
         <name>__register_unlock</name>
         <value>0x85ff7</value>
         <object_component_ref idref="oc-2bf"/>
      </symbol>
      <symbol id="sm-a3c">
         <name>__args_main</name>
         <value>0x86a80</value>
         <object_component_ref idref="oc-2a7"/>
      </symbol>
      <symbol id="sm-a4f">
         <name>_errno</name>
         <value>0xaffe</value>
         <object_component_ref idref="oc-297"/>
      </symbol>
      <symbol id="sm-a67">
         <name>_sqrtl</name>
         <value>0x862e6</value>
         <object_component_ref idref="oc-2cf"/>
      </symbol>
      <symbol id="sm-a77">
         <name>FD$$CMP</name>
         <value>0x85fcd</value>
         <object_component_ref idref="oc-29f"/>
      </symbol>
   </symbol_table>
   <title>Link successful</title>
</link_info>
